
> omniscience-platform@0.1.0 test E:\The Omniscience Assistant Project\omniscience-platform
> turbo run test


   ΓÇó Packages in scope: @omniscience/api, @omniscience/config, @omniscience/prompts, @omniscience/schemas, @omniscience/sdk, @omniscience/types, @omniscience/ui, @omniscience/utils, @omniscience/web
   ΓÇó Running test in 9 packages
   ΓÇó Remote caching disabled

@omniscience/schemas:test: cache hit, replaying logs 17bc0dae0aa0d5cd
@omniscience/schemas:test: 
@omniscience/schemas:test: > @omniscience/schemas@0.1.0 test E:\The Omniscience Assistant Project\Each phase zip files\The_Omniscience_Platform_Phase0\omniscience-platform\packages\schemas
@omniscience/schemas:test: > vitest run
@omniscience/schemas:test: 
@omniscience/schemas:test: 
@omniscience/schemas:test: [1m[7m[36m RUN [39m[27m[22m [36mv2.1.9 [39m[90mE:/The Omniscience Assistant Project/Each phase zip files/The_Omniscience_Platform_Phase0/omniscience-platform/packages/schemas[39m
@omniscience/schemas:test: 
@omniscience/types:build: cache hit, replaying logs 9914c0d6d7f7ef2d
@omniscience/types:build: 
@omniscience/types:build: > @omniscience/types@0.1.0 build E:\The Omniscience Assistant Project\Each phase zip files\The_Omniscience_Platform_Phase0\omniscience-platform\packages\types
@omniscience/types:build: > tsc -p tsconfig.cjs.json && tsc -p tsconfig.esm.json
@omniscience/types:build: 
@omniscience/config:build: cache hit, replaying logs d250bbb96df03900
@omniscience/config:build: 
@omniscience/config:build: > @omniscience/config@0.1.0 build E:\The Omniscience Assistant Project\omniscience-platform\packages\config
@omniscience/config:build: > tsc -p tsconfig.json
@omniscience/config:build: 
@omniscience/ui:test: cache hit, replaying logs c08a37e10cdffc3b
@omniscience/ui:test: 
@omniscience/ui:test: > @omniscience/ui@0.2.0 test E:\The Omniscience Assistant Project\Each phase zip files\The_Omniscience_Platform_Phase0\omniscience-platform\packages\ui
@omniscience/ui:test: > vitest run
@omniscience/ui:test: 
@omniscience/ui:test: 
@omniscience/ui:test: [1m[7m[36m RUN [39m[27m[22m [36mv2.1.9 [39m[90mE:/The Omniscience Assistant Project/Each phase zip files/The_Omniscience_Platform_Phase0/omniscience-platform/packages/ui[39m
@omniscience/ui:test: 
@omniscience/ui:test:  [32mΓ£ô[39m src/theme/themeBootstrapScript.test.ts [2m([22m[2m5 tests[22m[2m)[22m[90m 21[2mms[22m[39m
@omniscience/ui:test: [90mstderr[2m | src/theme/ThemeProvider.test.tsx[2m > [22m[2mThemeProvider[2m > [22m[2mthrows a clear error when useTheme is used outside a provider
@omniscience/ui:test:  [32mΓ£ô[39m src/theme/ThemeProvider.test.tsx [2m([22m[2m7 tests[22m[2m)[22m[90m 247[2mms[22m[39m
@omniscience/ui:test: [22m[39mError: Uncaught [Error: useTheme must be used within a <ThemeProvider>]
@omniscience/ui:test:     at reportException (E:\The Omniscience Assistant Project\Each phase zip files\The_Omniscience_Platform_Phase0\omniscience-platform\node_modules\.pnpm\jsdom@25.0.1\node_modules\jsdom\lib\jsdom\living\helpers\runtime-script-errors.js:66:24)
@omniscience/ui:test:     at innerInvokeEventListeners (E:\The Omniscience Assistant Project\Each phase zip files\The_Omniscience_Platform_Phase0\omniscience-platform\node_modules\.pnpm\jsdom@25.0.1\node_modules\jsdom\lib\jsdom\living\events\EventTarget-impl.js:353:9)
@omniscience/ui:test:     at invokeEventListeners (E:\The Omniscience Assistant Project\Each phase zip files\The_Omniscience_Platform_Phase0\omniscience-platform\node_modules\.pnpm\jsdom@25.0.1\node_modules\jsdom\lib\jsdom\living\events\EventTarget-impl.js:286:3)
@omniscience/ui:test:     at HTMLUnknownElementImpl._dispatch (E:\The Omniscience Assistant Project\Each phase zip files\The_Omniscience_Platform_Phase0\omniscience-platform\node_modules\.pnpm\jsdom@25.0.1\node_modules\jsdom\lib\jsdom\living\events\EventTarget-impl.js:233:9)
@omniscience/ui:test:     at HTMLUnknownElementImpl.dispatchEvent (E:\The Omniscience Assistant Project\Each phase zip files\The_Omniscience_Platform_Phase0\omniscience-platform\node_modules\.pnpm\jsdom@25.0.1\node_modules\jsdom\lib\jsdom\living\events\EventTarget-impl.js:104:17)
@omniscience/ui:test:     at HTMLUnknownElement.dispatchEvent (E:\The Omniscience Assistant Project\Each phase zip files\The_Omniscience_Platform_Phase0\omniscience-platform\node_modules\.pnpm\jsdom@25.0.1\node_modules\jsdom\lib\jsdom\living\generated\EventTarget.js:241:34)
@omniscience/ui:test:     at Object.invokeGuardedCallbackDev (E:\The Omniscience Assistant Project\Each phase zip files\The_Omniscience_Platform_Phase0\omniscience-platform\node_modules\.pnpm\react-dom@18.3.1_react@18.3.1\node_modules\react-dom\cjs\react-dom.development.js:4213:16)
@omniscience/ui:test:     at invokeGuardedCallback (E:\The Omniscience Assistant Project\Each phase zip files\The_Omniscience_Platform_Phase0\omniscience-platform\node_modules\.pnpm\react-dom@18.3.1_react@18.3.1\node_modules\react-dom\cjs\react-dom.development.js:4277:31)
@omniscience/ui:test:     at beginWork$1 (E:\The Omniscience Assistant Project\Each phase zip files\The_Omniscience_Platform_Phase0\omniscience-platform\node_modules\.pnpm\react-dom@18.3.1_react@18.3.1\node_modules\react-dom\cjs\react-dom.development.js:27490:7)
@omniscience/ui:test:     at performUnitOfWork (E:\The Omniscience Assistant Project\Each phase zip files\The_Omniscience_Platform_Phase0\omniscience-platform\node_modules\.pnpm\react-dom@18.3.1_react@18.3.1\node_modules\react-dom\cjs\react-dom.development.js:26599:12) Error: useTheme must be used within a <ThemeProvider>
@omniscience/ui:test:     at Module.useTheme [90m(E:\The Omniscience Assistant Project\Each phase zip files\The_Omniscience_Platform_Phase0\omniscience-platform\packages\ui\[39msrc\theme\useTheme.ts:8:11[90m)[39m
@omniscience/ui:test:     at Bare [90m(E:\The Omniscience Assistant Project\Each phase zip files\The_Omniscience_Platform_Phase0\omniscience-platform\packages\ui\[39msrc\theme\ThemeProvider.test.tsx:104:7[90m)[39m
@omniscience/ui:test:     at renderWithHooks (E:\The Omniscience Assistant Project\Each phase zip files\The_Omniscience_Platform_Phase0\omniscience-platform\node_modules\[4m.pnpm[24m\react-dom@18.3.1_react@18.3.1\node_modules\[4mreact-dom[24m\cjs\react-dom.development.js:15486:18)
@omniscience/ui:test:     at mountIndeterminateComponent (E:\The Omniscience Assistant Project\Each phase zip files\The_Omniscience_Platform_Phase0\omniscience-platform\node_modules\[4m.pnpm[24m\react-dom@18.3.1_react@18.3.1\node_modules\[4mreact-dom[24m\cjs\react-dom.development.js:20103:13)
@omniscience/ui:test:     at beginWork (E:\The Omniscience Assistant Project\Each phase zip files\The_Omniscience_Platform_Phase0\omniscience-platform\node_modules\[4m.pnpm[24m\react-dom@18.3.1_react@18.3.1\node_modules\[4mreact-dom[24m\cjs\react-dom.development.js:21626:16)
@omniscience/ui:test:     at HTMLUnknownElement.callCallback (E:\The Omniscience Assistant Project\Each phase zip files\The_Omniscience_Platform_Phase0\omniscience-platform\node_modules\[4m.pnpm[24m\react-dom@18.3.1_react@18.3.1\node_modules\[4mreact-dom[24m\cjs\react-dom.development.js:4164:14)
@omniscience/ui:test:     at HTMLUnknownElement.callTheUserObjectsOperation (E:\The Omniscience Assistant Project\Each phase zip files\The_Omniscience_Platform_Phase0\omniscience-platform\node_modules\[4m.pnpm[24m\jsdom@25.0.1\node_modules\[4mjsdom[24m\lib\jsdom\living\generated\EventListener.js:26:30)
@omniscience/ui:test:     at innerInvokeEventListeners (E:\The Omniscience Assistant Project\Each phase zip files\The_Omniscience_Platform_Phase0\omniscience-platform\node_modules\[4m.pnpm[24m\jsdom@25.0.1\node_modules\[4mjsdom[24m\lib\jsdom\living\events\EventTarget-impl.js:350:25)
@omniscience/ui:test:     at invokeEventListeners (E:\The Omniscience Assistant Project\Each phase zip files\The_Omniscience_Platform_Phase0\omniscience-platform\node_modules\[4m.pnpm[24m\jsdom@25.0.1\node_modules\[4mjsdom[24m\lib\jsdom\living\events\EventTarget-impl.js:286:3)
@omniscience/ui:test:     at HTMLUnknownElementImpl._dispatch (E:\The Omniscience Assistant Project\Each phase zip files\The_Omniscience_Platform_Phase0\omniscience-platform\node_modules\[4m.pnpm[24m\jsdom@25.0.1\node_modules\[4mjsdom[24m\lib\jsdom\living\events\EventTarget-impl.js:233:9)
@omniscience/ui:test: Error: Uncaught [Error: useTheme must be used within a <ThemeProvider>]
@omniscience/ui:test:     at reportException (E:\The Omniscience Assistant Project\Each phase zip files\The_Omniscience_Platform_Phase0\omniscience-platform\node_modules\.pnpm\jsdom@25.0.1\node_modules\jsdom\lib\jsdom\living\helpers\runtime-script-errors.js:66:24)
@omniscience/ui:test:     at innerInvokeEventListeners (E:\The Omniscience Assistant Project\Each phase zip files\The_Omniscience_Platform_Phase0\omniscience-platform\node_modules\.pnpm\jsdom@25.0.1\node_modules\jsdom\lib\jsdom\living\events\EventTarget-impl.js:353:9)
@omniscience/ui:test:     at invokeEventListeners (E:\The Omniscience Assistant Project\Each phase zip files\The_Omniscience_Platform_Phase0\omniscience-platform\node_modules\.pnpm\jsdom@25.0.1\node_modules\jsdom\lib\jsdom\living\events\EventTarget-impl.js:286:3)
@omniscience/ui:test:     at HTMLUnknownElementImpl._dispatch (E:\The Omniscience Assistant Project\Each phase zip files\The_Omniscience_Platform_Phase0\omniscience-platform\node_modules\.pnpm\jsdom@25.0.1\node_modules\jsdom\lib\jsdom\living\events\EventTarget-impl.js:233:9)
@omniscience/ui:test:     at HTMLUnknownElementImpl.dispatchEvent (E:\The Omniscience Assistant Project\Each phase zip files\The_Omniscience_Platform_Phase0\omniscience-platform\node_modules\.pnpm\jsdom@25.0.1\node_modules\jsdom\lib\jsdom\living\events\EventTarget-impl.js:104:17)
@omniscience/ui:test:     at HTMLUnknownElement.dispatchEvent (E:\The Omniscience Assistant Project\Each phase zip files\The_Omniscience_Platform_Phase0\omniscience-platform\node_modules\.pnpm\jsdom@25.0.1\node_modules\jsdom\lib\jsdom\living\generated\EventTarget.js:241:34)
@omniscience/ui:test:     at Object.invokeGuardedCallbackDev (E:\The Omniscience Assistant Project\Each phase zip files\The_Omniscience_Platform_Phase0\omniscience-platform\node_modules\.pnpm\react-dom@18.3.1_react@18.3.1\node_modules\react-dom\cjs\react-dom.development.js:4213:16)
@omniscience/ui:test:     at invokeGuardedCallback (E:\The Omniscience Assistant Project\Each phase zip files\The_Omniscience_Platform_Phase0\omniscience-platform\node_modules\.pnpm\react-dom@18.3.1_react@18.3.1\node_modules\react-dom\cjs\react-dom.development.js:4277:31)
@omniscience/ui:test:     at beginWork$1 (E:\The Omniscience Assistant Project\Each phase zip files\The_Omniscience_Platform_Phase0\omniscience-platform\node_modules\.pnpm\react-dom@18.3.1_react@18.3.1\node_modules\react-dom\cjs\react-dom.development.js:27490:7)
@omniscience/ui:test:     at performUnitOfWork (E:\The Omniscience Assistant Project\Each phase zip files\The_Omniscience_Platform_Phase0\omniscience-platform\node_modules\.pnpm\react-dom@18.3.1_react@18.3.1\node_modules\react-dom\cjs\react-dom.development.js:26599:12) Error: useTheme must be used within a <ThemeProvider>
@omniscience/ui:test:     at Module.useTheme [90m(E:\The Omniscience Assistant Project\Each phase zip files\The_Omniscience_Platform_Phase0\omniscience-platform\packages\ui\[39msrc\theme\useTheme.ts:8:11[90m)[39m
@omniscience/ui:test:     at Bare [90m(E:\The Omniscience Assistant Project\Each phase zip files\The_Omniscience_Platform_Phase0\omniscience-platform\packages\ui\[39msrc\theme\ThemeProvider.test.tsx:104:7[90m)[39m
@omniscience/ui:test:     at renderWithHooks (E:\The Omniscience Assistant Project\Each phase zip files\The_Omniscience_Platform_Phase0\omniscience-platform\node_modules\[4m.pnpm[24m\react-dom@18.3.1_react@18.3.1\node_modules\[4mreact-dom[24m\cjs\react-dom.development.js:15486:18)
@omniscience/ui:test:     at mountIndeterminateComponent (E:\The Omniscience Assistant Project\Each phase zip files\The_Omniscience_Platform_Phase0\omniscience-platform\node_modules\[4m.pnpm[24m\react-dom@18.3.1_react@18.3.1\node_modules\[4mreact-dom[24m\cjs\react-dom.development.js:20103:13)
@omniscience/ui:test:     at beginWork (E:\The Omniscience Assistant Project\Each phase zip files\The_Omniscience_Platform_Phase0\omniscience-platform\node_modules\[4m.pnpm[24m\react-dom@18.3.1_react@18.3.1\node_modules\[4mreact-dom[24m\cjs\react-dom.development.js:21626:16)
@omniscience/ui:test:     at HTMLUnknownElement.callCallback (E:\The Omniscience Assistant Project\Each phase zip files\The_Omniscience_Platform_Phase0\omniscience-platform\node_modules\[4m.pnpm[24m\react-dom@18.3.1_react@18.3.1\node_modules\[4mreact-dom[24m\cjs\react-dom.development.js:4164:14)
@omniscience/ui:test:     at HTMLUnknownElement.callTheUserObjectsOperation (E:\The Omniscience Assistant Project\Each phase zip files\The_Omniscience_Platform_Phase0\omniscience-platform\node_modules\[4m.pnpm[24m\jsdom@25.0.1\node_modules\[4mjsdom[24m\lib\jsdom\living\generated\EventListener.js:26:30)
@omniscience/ui:test:     at innerInvokeEventListeners (E:\The Omniscience Assistant Project\Each phase zip files\The_Omniscience_Platform_Phase0\omniscience-platform\node_modules\[4m.pnpm[24m\jsdom@25.0.1\node_modules\[4mjsdom[24m\lib\jsdom\living\events\EventTarget-impl.js:350:25)
@omniscience/ui:test:     at invokeEventListeners (E:\The Omniscience Assistant Project\Each phase zip files\The_Omniscience_Platform_Phase0\omniscience-platform\node_modules\[4m.pnpm[24m\jsdom@25.0.1\node_modules\[4mjsdom[24m\lib\jsdom\living\events\EventTarget-impl.js:286:3)
@omniscience/ui:test:     at HTMLUnknownElementImpl._dispatch (E:\The Omniscience Assistant Project\Each phase zip files\The_Omniscience_Platform_Phase0\omniscience-platform\node_modules\[4m.pnpm[24m\jsdom@25.0.1\node_modules\[4mjsdom[24m\lib\jsdom\living\events\EventTarget-impl.js:233:9)
@omniscience/ui:test: The above error occurred in the <Bare> component:
@omniscience/ui:test: 
@omniscience/ui:test:     at Bare (E:\The Omniscience Assistant Project\Each phase zip files\The_Omniscience_Platform_Phase0\omniscience-platform\packages\ui\src\theme\ThemeProvider.test.tsx:155:29)
@omniscience/ui:test: 
@omniscience/ui:test: Consider adding an error boundary to your tree to customize error handling behavior.
@omniscience/prompts:test: cache hit, replaying logs a687d7587f3a2752
@omniscience/ui:test: Visit https://reactjs.org/link/error-boundaries to learn more about error boundaries.
@omniscience/ui:test: 
@omniscience/ui:test: [90mstderr[2m | src/components/Toast.test.tsx[2m > [22m[2mToastProvider / useToast[2m > [22m[2mthrows when useToast is used outside a provider
@omniscience/ui:test:  [32mΓ£ô[39m src/components/Toast.test.tsx [2m([22m[2m5 tests[22m[2m)[22m[33m 440[2mms[22m[39m
@omniscience/ui:test: [22m[39mError: Uncaught [Error: useToast must be used within a <ToastProvider>]
@omniscience/ui:test:  [32mΓ£ô[39m src/components/Button.test.tsx [2m([22m[2m5 tests[22m[2m)[22m[33m 436[2mms[22m[39m
@omniscience/ui:test:     at reportException (E:\The Omniscience Assistant Project\Each phase zip files\The_Omniscience_Platform_Phase0\omniscience-platform\node_modules\.pnpm\jsdom@25.0.1\node_modules\jsdom\lib\jsdom\living\helpers\runtime-script-errors.js:66:24)
@omniscience/ui:test:     at innerInvokeEventListeners (E:\The Omniscience Assistant Project\Each phase zip files\The_Omniscience_Platform_Phase0\omniscience-platform\node_modules\.pnpm\jsdom@25.0.1\node_modules\jsdom\lib\jsdom\living\events\EventTarget-impl.js:353:9)
@omniscience/ui:test:     at invokeEventListeners (E:\The Omniscience Assistant Project\Each phase zip files\The_Omniscience_Platform_Phase0\omniscience-platform\node_modules\.pnpm\jsdom@25.0.1\node_modules\jsdom\lib\jsdom\living\events\EventTarget-impl.js:286:3)
@omniscience/ui:test:     at HTMLUnknownElementImpl._dispatch (E:\The Omniscience Assistant Project\Each phase zip files\The_Omniscience_Platform_Phase0\omniscience-platform\node_modules\.pnpm\jsdom@25.0.1\node_modules\jsdom\lib\jsdom\living\events\EventTarget-impl.js:233:9)
@omniscience/ui:test:     at HTMLUnknownElementImpl.dispatchEvent (E:\The Omniscience Assistant Project\Each phase zip files\The_Omniscience_Platform_Phase0\omniscience-platform\node_modules\.pnpm\jsdom@25.0.1\node_modules\jsdom\lib\jsdom\living\events\EventTarget-impl.js:104:17)
@omniscience/ui:test:     at HTMLUnknownElement.dispatchEvent (E:\The Omniscience Assistant Project\Each phase zip files\The_Omniscience_Platform_Phase0\omniscience-platform\node_modules\.pnpm\jsdom@25.0.1\node_modules\jsdom\lib\jsdom\living\generated\EventTarget.js:241:34)
@omniscience/ui:test:     at Object.invokeGuardedCallbackDev (E:\The Omniscience Assistant Project\Each phase zip files\The_Omniscience_Platform_Phase0\omniscience-platform\node_modules\.pnpm\react-dom@18.3.1_react@18.3.1\node_modules\react-dom\cjs\react-dom.development.js:4213:16)
@omniscience/ui:test:     at invokeGuardedCallback (E:\The Omniscience Assistant Project\Each phase zip files\The_Omniscience_Platform_Phase0\omniscience-platform\node_modules\.pnpm\react-dom@18.3.1_react@18.3.1\node_modules\react-dom\cjs\react-dom.development.js:4277:31)
@omniscience/ui:test:     at beginWork$1 (E:\The Omniscience Assistant Project\Each phase zip files\The_Omniscience_Platform_Phase0\omniscience-platform\node_modules\.pnpm\react-dom@18.3.1_react@18.3.1\node_modules\react-dom\cjs\react-dom.development.js:27490:7)
@omniscience/ui:test:     at performUnitOfWork (E:\The Omniscience Assistant Project\Each phase zip files\The_Omniscience_Platform_Phase0\omniscience-platform\node_modules\.pnpm\react-dom@18.3.1_react@18.3.1\node_modules\react-dom\cjs\react-dom.development.js:26599:12) Error: useToast must be used within a <ToastProvider>
@omniscience/ui:test:     at Module.useToast [90m(E:\The Omniscience Assistant Project\Each phase zip files\The_Omniscience_Platform_Phase0\omniscience-platform\packages\ui\[39msrc\components\Toast.tsx:85:11[90m)[39m
@omniscience/prompts:test: 
@omniscience/ui:test:     at Bare [90m(E:\The Omniscience Assistant Project\Each phase zip files\The_Omniscience_Platform_Phase0\omniscience-platform\packages\ui\[39msrc\components\Toast.test.tsx:48:7[90m)[39m
@omniscience/prompts:test: > @omniscience/prompts@0.1.0 test E:\The Omniscience Assistant Project\Each phase zip files\The_Omniscience_Platform_Phase0\omniscience-platform\packages\prompts
@omniscience/ui:test:     at renderWithHooks (E:\The Omniscience Assistant Project\Each phase zip files\The_Omniscience_Platform_Phase0\omniscience-platform\node_modules\[4m.pnpm[24m\react-dom@18.3.1_react@18.3.1\node_modules\[4mreact-dom[24m\cjs\react-dom.development.js:15486:18)
@omniscience/prompts:test: > vitest run
@omniscience/ui:test:     at mountIndeterminateComponent (E:\The Omniscience Assistant Project\Each phase zip files\The_Omniscience_Platform_Phase0\omniscience-platform\node_modules\[4m.pnpm[24m\react-dom@18.3.1_react@18.3.1\node_modules\[4mreact-dom[24m\cjs\react-dom.development.js:20103:13)
@omniscience/prompts:test: 
@omniscience/ui:test:  [32mΓ£ô[39m src/motion/motion.test.tsx [2m([22m[2m7 tests[22m[2m)[22m[90m 220[2mms[22m[39m
@omniscience/prompts:test: 
@omniscience/ui:test:     at beginWork (E:\The Omniscience Assistant Project\Each phase zip files\The_Omniscience_Platform_Phase0\omniscience-platform\node_modules\[4m.pnpm[24m\react-dom@18.3.1_react@18.3.1\node_modules\[4mreact-dom[24m\cjs\react-dom.development.js:21626:16)
@omniscience/prompts:test: [1m[7m[36m RUN [39m[27m[22m [36mv2.1.9 [39m[90mE:/The Omniscience Assistant Project/Each phase zip files/The_Omniscience_Platform_Phase0/omniscience-platform/packages/prompts[39m
@omniscience/prompts:test: 
@omniscience/ui:test:     at HTMLUnknownElement.callCallback (E:\The Omniscience Assistant Project\Each phase zip files\The_Omniscience_Platform_Phase0\omniscience-platform\node_modules\[4m.pnpm[24m\react-dom@18.3.1_react@18.3.1\node_modules\[4mreact-dom[24m\cjs\react-dom.development.js:4164:14)
@omniscience/ui:test:     at HTMLUnknownElement.callTheUserObjectsOperation (E:\The Omniscience Assistant Project\Each phase zip files\The_Omniscience_Platform_Phase0\omniscience-platform\node_modules\[4m.pnpm[24m\jsdom@25.0.1\node_modules\[4mjsdom[24m\lib\jsdom\living\generated\EventListener.js:26:30)
@omniscience/ui:test:  [32mΓ£ô[39m src/components/Navigation.test.tsx [2m([22m[2m4 tests[22m[2m)[22m[33m 474[2mms[22m[39m
@omniscience/utils:build: cache hit, replaying logs a363c0be9f685672
@omniscience/ui:test:     at innerInvokeEventListeners (E:\The Omniscience Assistant Project\Each phase zip files\The_Omniscience_Platform_Phase0\omniscience-platform\node_modules\[4m.pnpm[24m\jsdom@25.0.1\node_modules\[4mjsdom[24m\lib\jsdom\living\events\EventTarget-impl.js:350:25)
@omniscience/ui:test:     at invokeEventListeners (E:\The Omniscience Assistant Project\Each phase zip files\The_Omniscience_Platform_Phase0\omniscience-platform\node_modules\[4m.pnpm[24m\jsdom@25.0.1\node_modules\[4mjsdom[24m\lib\jsdom\living\events\EventTarget-impl.js:286:3)
@omniscience/ui:test:  [32mΓ£ô[39m src/components/Overlay.test.tsx [2m([22m[2m7 tests[22m[2m)[22m[33m 496[2mms[22m[39m
@omniscience/ui:test:     at HTMLUnknownElementImpl._dispatch (E:\The Omniscience Assistant Project\Each phase zip files\The_Omniscience_Platform_Phase0\omniscience-platform\node_modules\[4m.pnpm[24m\jsdom@25.0.1\node_modules\[4mjsdom[24m\lib\jsdom\living\events\EventTarget-impl.js:233:9)
@omniscience/ui:test: Error: Uncaught [Error: useToast must be used within a <ToastProvider>]
@omniscience/ui:test:     at reportException (E:\The Omniscience Assistant Project\Each phase zip files\The_Omniscience_Platform_Phase0\omniscience-platform\node_modules\.pnpm\jsdom@25.0.1\node_modules\jsdom\lib\jsdom\living\helpers\runtime-script-errors.js:66:24)
@omniscience/ui:test:     at innerInvokeEventListeners (E:\The Omniscience Assistant Project\Each phase zip files\The_Omniscience_Platform_Phase0\omniscience-platform\node_modules\.pnpm\jsdom@25.0.1\node_modules\jsdom\lib\jsdom\living\events\EventTarget-impl.js:353:9)
@omniscience/ui:test:     at invokeEventListeners (E:\The Omniscience Assistant Project\Each phase zip files\The_Omniscience_Platform_Phase0\omniscience-platform\node_modules\.pnpm\jsdom@25.0.1\node_modules\jsdom\lib\jsdom\living\events\EventTarget-impl.js:286:3)
@omniscience/ui:test:     at HTMLUnknownElementImpl._dispatch (E:\The Omniscience Assistant Project\Each phase zip files\The_Omniscience_Platform_Phase0\omniscience-platform\node_modules\.pnpm\jsdom@25.0.1\node_modules\jsdom\lib\jsdom\living\events\EventTarget-impl.js:233:9)
@omniscience/ui:test:     at HTMLUnknownElementImpl.dispatchEvent (E:\The Omniscience Assistant Project\Each phase zip files\The_Omniscience_Platform_Phase0\omniscience-platform\node_modules\.pnpm\jsdom@25.0.1\node_modules\jsdom\lib\jsdom\living\events\EventTarget-impl.js:104:17)
@omniscience/ui:test:     at HTMLUnknownElement.dispatchEvent (E:\The Omniscience Assistant Project\Each phase zip files\The_Omniscience_Platform_Phase0\omniscience-platform\node_modules\.pnpm\jsdom@25.0.1\node_modules\jsdom\lib\jsdom\living\generated\EventTarget.js:241:34)
@omniscience/ui:test:     at Object.invokeGuardedCallbackDev (E:\The Omniscience Assistant Project\Each phase zip files\The_Omniscience_Platform_Phase0\omniscience-platform\node_modules\.pnpm\react-dom@18.3.1_react@18.3.1\node_modules\react-dom\cjs\react-dom.development.js:4213:16)
@omniscience/ui:test:     at invokeGuardedCallback (E:\The Omniscience Assistant Project\Each phase zip files\The_Omniscience_Platform_Phase0\omniscience-platform\node_modules\.pnpm\react-dom@18.3.1_react@18.3.1\node_modules\react-dom\cjs\react-dom.development.js:4277:31)
@omniscience/ui:test:     at beginWork$1 (E:\The Omniscience Assistant Project\Each phase zip files\The_Omniscience_Platform_Phase0\omniscience-platform\node_modules\.pnpm\react-dom@18.3.1_react@18.3.1\node_modules\react-dom\cjs\react-dom.development.js:27490:7)
@omniscience/ui:test:     at performUnitOfWork (E:\The Omniscience Assistant Project\Each phase zip files\The_Omniscience_Platform_Phase0\omniscience-platform\node_modules\.pnpm\react-dom@18.3.1_react@18.3.1\node_modules\react-dom\cjs\react-dom.development.js:26599:12) Error: useToast must be used within a <ToastProvider>
@omniscience/ui:test:     at Module.useToast [90m(E:\The Omniscience Assistant Project\Each phase zip files\The_Omniscience_Platform_Phase0\omniscience-platform\packages\ui\[39msrc\components\Toast.tsx:85:11[90m)[39m
@omniscience/ui:test:     at Bare [90m(E:\The Omniscience Assistant Project\Each phase zip files\The_Omniscience_Platform_Phase0\omniscience-platform\packages\ui\[39msrc\components\Toast.test.tsx:48:7[90m)[39m
@omniscience/utils:build: 
@omniscience/utils:build: > @omniscience/utils@0.1.0 build E:\The Omniscience Assistant Project\Each phase zip files\The_Omniscience_Platform_Phase0\omniscience-platform\packages\utils
@omniscience/ui:test:     at renderWithHooks (E:\The Omniscience Assistant Project\Each phase zip files\The_Omniscience_Platform_Phase0\omniscience-platform\node_modules\[4m.pnpm[24m\react-dom@18.3.1_react@18.3.1\node_modules\[4mreact-dom[24m\cjs\react-dom.development.js:15486:18)
@omniscience/utils:build: > tsc -p tsconfig.json
@omniscience/ui:test:     at mountIndeterminateComponent (E:\The Omniscience Assistant Project\Each phase zip files\The_Omniscience_Platform_Phase0\omniscience-platform\node_modules\[4m.pnpm[24m\react-dom@18.3.1_react@18.3.1\node_modules\[4mreact-dom[24m\cjs\react-dom.development.js:20103:13)
@omniscience/utils:build: 
@omniscience/ui:test:     at beginWork (E:\The Omniscience Assistant Project\Each phase zip files\The_Omniscience_Platform_Phase0\omniscience-platform\node_modules\[4m.pnpm[24m\react-dom@18.3.1_react@18.3.1\node_modules\[4mreact-dom[24m\cjs\react-dom.development.js:21626:16)
@omniscience/ui:test:     at HTMLUnknownElement.callCallback (E:\The Omniscience Assistant Project\Each phase zip files\The_Omniscience_Platform_Phase0\omniscience-platform\node_modules\[4m.pnpm[24m\react-dom@18.3.1_react@18.3.1\node_modules\[4mreact-dom[24m\cjs\react-dom.development.js:4164:14)
@omniscience/ui:test:     at HTMLUnknownElement.callTheUserObjectsOperation (E:\The Omniscience Assistant Project\Each phase zip files\The_Omniscience_Platform_Phase0\omniscience-platform\node_modules\[4m.pnpm[24m\jsdom@25.0.1\node_modules\[4mjsdom[24m\lib\jsdom\living\generated\EventListener.js:26:30)
@omniscience/ui:test:     at innerInvokeEventListeners (E:\The Omniscience Assistant Project\Each phase zip files\The_Omniscience_Platform_Phase0\omniscience-platform\node_modules\[4m.pnpm[24m\jsdom@25.0.1\node_modules\[4mjsdom[24m\lib\jsdom\living\events\EventTarget-impl.js:350:25)
@omniscience/ui:test:     at invokeEventListeners (E:\The Omniscience Assistant Project\Each phase zip files\The_Omniscience_Platform_Phase0\omniscience-platform\node_modules\[4m.pnpm[24m\jsdom@25.0.1\node_modules\[4mjsdom[24m\lib\jsdom\living\events\EventTarget-impl.js:286:3)
@omniscience/ui:test:     at HTMLUnknownElementImpl._dispatch (E:\The Omniscience Assistant Project\Each phase zip files\The_Omniscience_Platform_Phase0\omniscience-platform\node_modules\[4m.pnpm[24m\jsdom@25.0.1\node_modules\[4mjsdom[24m\lib\jsdom\living\events\EventTarget-impl.js:233:9)
@omniscience/ui:test: The above error occurred in the <Bare> component:
@omniscience/ui:test: 
@omniscience/ui:test:     at Bare (E:\The Omniscience Assistant Project\Each phase zip files\The_Omniscience_Platform_Phase0\omniscience-platform\packages\ui\src\components\Toast.test.tsx:67:29)
@omniscience/ui:test: 
@omniscience/ui:test: Consider adding an error boundary to your tree to customize error handling behavior.
@omniscience/ui:test: Visit https://reactjs.org/link/error-boundaries to learn more about error boundaries.
@omniscience/ui:test: 
@omniscience/ui:test:  [32mΓ£ô[39m src/components/Feedback.test.tsx [2m([22m[2m5 tests[22m[2m)[22m[90m 285[2mms[22m[39m
@omniscience/ui:test: [90mstderr[2m | src/background/AdaptiveBackground.test.tsx[2m > [22m[2mAdaptiveBackground[2m > [22m[2mrenders without throwing when no 2D context is available (jsdom default)
@omniscience/ui:test: [22m[39mError: Not implemented: HTMLCanvasElement.prototype.getContext (without installing the canvas npm package)
@omniscience/ui:test:     at module.exports (E:\The Omniscience Assistant Project\Each phase zip files\The_Omniscience_Platform_Phase0\omniscience-platform\node_modules\.pnpm\jsdom@25.0.1\node_modules\jsdom\lib\jsdom\browser\not-implemented.js:9:17)
@omniscience/ui:test:     at HTMLCanvasElementImpl.getContext (E:\The Omniscience Assistant Project\Each phase zip files\The_Omniscience_Platform_Phase0\omniscience-platform\node_modules\.pnpm\jsdom@25.0.1\node_modules\jsdom\lib\jsdom\living\nodes\HTMLCanvasElement-impl.js:42:5)
@omniscience/ui:test:     at HTMLCanvasElement.getContext (E:\The Omniscience Assistant Project\Each phase zip files\The_Omniscience_Platform_Phase0\omniscience-platform\node_modules\.pnpm\jsdom@25.0.1\node_modules\jsdom\lib\jsdom\living\generated\HTMLCanvasElement.js:131:58)
@omniscience/ui:test:     at E:\The Omniscience Assistant Project\Each phase zip files\The_Omniscience_Platform_Phase0\omniscience-platform\packages\ui\src\background\AdaptiveBackground.tsx:53:24
@omniscience/ui:test:  [32mΓ£ô[39m src/background/AdaptiveBackground.test.tsx [2m([22m[2m4 tests[22m[2m)[22m[90m 122[2mms[22m[39m
@omniscience/prompts:test:  [32mΓ£ô[39m src/registry.test.ts [2m([22m[2m4 tests[22m[2m)[22m[90m 11[2mms[22m[39m
@omniscience/prompts:test: 
@omniscience/ui:test:     at commitHookEffectListMount (E:\The Omniscience Assistant Project\Each phase zip files\The_Omniscience_Platform_Phase0\omniscience-platform\node_modules\.pnpm\react-dom@18.3.1_react@18.3.1\node_modules\react-dom\cjs\react-dom.development.js:23189:26)
@omniscience/ui:test:     at commitPassiveMountOnFiber (E:\The Omniscience Assistant Project\Each phase zip files\The_Omniscience_Platform_Phase0\omniscience-platform\node_modules\.pnpm\react-dom@18.3.1_react@18.3.1\node_modules\react-dom\cjs\react-dom.development.js:24970:11)
@omniscience/prompts:test: [2m Test Files [22m [1m[32m1 passed[39m[22m[90m (1)[39m
@omniscience/prompts:test: [2m      Tests [22m [1m[32m4 passed[39m[22m[90m (4)[39m
@omniscience/prompts:test: [2m   Start at [22m 19:11:03
@omniscience/prompts:test: [2m   Duration [22m 6.81s[2m (transform 270ms, setup 0ms, collect 276ms, tests 11ms, environment 0ms, prepare 1.37s)[22m
@omniscience/prompts:test: 
@omniscience/ui:test:     at commitPassiveMountEffects_complete (E:\The Omniscience Assistant Project\Each phase zip files\The_Omniscience_Platform_Phase0\omniscience-platform\node_modules\.pnpm\react-dom@18.3.1_react@18.3.1\node_modules\react-dom\cjs\react-dom.development.js:24930:9)
@omniscience/ui:test:     at commitPassiveMountEffects_begin (E:\The Omniscience Assistant Project\Each phase zip files\The_Omniscience_Platform_Phase0\omniscience-platform\node_modules\.pnpm\react-dom@18.3.1_react@18.3.1\node_modules\react-dom\cjs\react-dom.development.js:24917:7)
@omniscience/ui:test:     at commitPassiveMountEffects (E:\The Omniscience Assistant Project\Each phase zip files\The_Omniscience_Platform_Phase0\omniscience-platform\node_modules\.pnpm\react-dom@18.3.1_react@18.3.1\node_modules\react-dom\cjs\react-dom.development.js:24905:3)
@omniscience/ui:test:     at flushPassiveEffectsImpl (E:\The Omniscience Assistant Project\Each phase zip files\The_Omniscience_Platform_Phase0\omniscience-platform\node_modules\.pnpm\react-dom@18.3.1_react@18.3.1\node_modules\react-dom\cjs\react-dom.development.js:27078:3) [90mundefined[39m
@omniscience/ui:test: 
@omniscience/ui:test: [90mstderr[2m | src/background/AdaptiveBackground.test.tsx[2m > [22m[2mAdaptiveBackground[2m > [22m[2mrenders grid and noise overlays by default
@omniscience/ui:test:  [32mΓ£ô[39m src/components/States.test.tsx [2m([22m[2m3 tests[22m[2m)[22m[90m 247[2mms[22m[39m
@omniscience/ui:test: [22m[39mError: Not implemented: HTMLCanvasElement.prototype.getContext (without installing the canvas npm package)
@omniscience/ui:test:     at module.exports (E:\The Omniscience Assistant Project\Each phase zip files\The_Omniscience_Platform_Phase0\omniscience-platform\node_modules\.pnpm\jsdom@25.0.1\node_modules\jsdom\lib\jsdom\browser\not-implemented.js:9:17)
@omniscience/ui:test:  [32mΓ£ô[39m src/components/Input.test.tsx [2m([22m[2m4 tests[22m[2m)[22m[90m 240[2mms[22m[39m
@omniscience/ui:test:     at HTMLCanvasElementImpl.getContext (E:\The Omniscience Assistant Project\Each phase zip files\The_Omniscience_Platform_Phase0\omniscience-platform\node_modules\.pnpm\jsdom@25.0.1\node_modules\jsdom\lib\jsdom\living\nodes\HTMLCanvasElement-impl.js:42:5)
@omniscience/ui:test:     at HTMLCanvasElement.getContext (E:\The Omniscience Assistant Project\Each phase zip files\The_Omniscience_Platform_Phase0\omniscience-platform\node_modules\.pnpm\jsdom@25.0.1\node_modules\jsdom\lib\jsdom\living\generated\HTMLCanvasElement.js:131:58)
@omniscience/ui:test:     at E:\The Omniscience Assistant Project\Each phase zip files\The_Omniscience_Platform_Phase0\omniscience-platform\packages\ui\src\background\AdaptiveBackground.tsx:53:24
@omniscience/ui:test:  [32mΓ£ô[39m src/components/OtpInput.test.tsx [2m([22m[2m4 tests[22m[2m)[22m[33m 386[2mms[22m[39m
@omniscience/ui:test:     at commitHookEffectListMount (E:\The Omniscience Assistant Project\Each phase zip files\The_Omniscience_Platform_Phase0\omniscience-platform\node_modules\.pnpm\react-dom@18.3.1_react@18.3.1\node_modules\react-dom\cjs\react-dom.development.js:23189:26)
@omniscience/ui:test:     at commitPassiveMountOnFiber (E:\The Omniscience Assistant Project\Each phase zip files\The_Omniscience_Platform_Phase0\omniscience-platform\node_modules\.pnpm\react-dom@18.3.1_react@18.3.1\node_modules\react-dom\cjs\react-dom.development.js:24970:11)
@omniscience/ui:test:     at commitPassiveMountEffects_complete (E:\The Omniscience Assistant Project\Each phase zip files\The_Omniscience_Platform_Phase0\omniscience-platform\node_modules\.pnpm\react-dom@18.3.1_react@18.3.1\node_modules\react-dom\cjs\react-dom.development.js:24930:9)
@omniscience/ui:test:     at commitPassiveMountEffects_begin (E:\The Omniscience Assistant Project\Each phase zip files\The_Omniscience_Platform_Phase0\omniscience-platform\node_modules\.pnpm\react-dom@18.3.1_react@18.3.1\node_modules\react-dom\cjs\react-dom.development.js:24917:7)
@omniscience/ui:test:     at commitPassiveMountEffects (E:\The Omniscience Assistant Project\Each phase zip files\The_Omniscience_Platform_Phase0\omniscience-platform\node_modules\.pnpm\react-dom@18.3.1_react@18.3.1\node_modules\react-dom\cjs\react-dom.development.js:24905:3)
@omniscience/ui:test:     at flushPassiveEffectsImpl (E:\The Omniscience Assistant Project\Each phase zip files\The_Omniscience_Platform_Phase0\omniscience-platform\node_modules\.pnpm\react-dom@18.3.1_react@18.3.1\node_modules\react-dom\cjs\react-dom.development.js:27078:3) [90mundefined[39m
@omniscience/ui:test:  [32mΓ£ô[39m src/components/Identity.test.tsx [2m([22m[2m5 tests[22m[2m)[22m[90m 273[2mms[22m[39m
@omniscience/types:test: cache hit, replaying logs 6a408b0ae0fa7910
@omniscience/schemas:test:  [32mΓ£ô[39m src/health.test.ts [2m([22m[2m3 tests[22m[2m)[22m[90m 18[2mms[22m[39m
@omniscience/schemas:test: 
@omniscience/schemas:test: [2m Test Files [22m [1m[32m1 passed[39m[22m[90m (1)[39m
@omniscience/schemas:test: [2m      Tests [22m [1m[32m3 passed[39m[22m[90m (3)[39m
@omniscience/ui:test: 
@omniscience/ui:test: [90mstderr[2m | src/background/AdaptiveBackground.test.tsx[2m > [22m[2mAdaptiveBackground[2m > [22m[2momits overlays when disabled via props
@omniscience/ui:test:  [32mΓ£ô[39m src/components/Card.test.tsx [2m([22m[2m3 tests[22m[2m)[22m[90m 89[2mms[22m[39m
@omniscience/ui:test: [22m[39mError: Not implemented: HTMLCanvasElement.prototype.getContext (without installing the canvas npm package)
@omniscience/ui:test:     at module.exports (E:\The Omniscience Assistant Project\Each phase zip files\The_Omniscience_Platform_Phase0\omniscience-platform\node_modules\.pnpm\jsdom@25.0.1\node_modules\jsdom\lib\jsdom\browser\not-implemented.js:9:17)
@omniscience/schemas:test: [2m   Start at [22m 19:11:03
@omniscience/schemas:test: [2m   Duration [22m 6.17s[2m (transform 288ms, setup 0ms, collect 352ms, tests 18ms, environment 0ms, prepare 2.23s)[22m
@omniscience/schemas:test: 
@omniscience/ui:test:     at HTMLCanvasElementImpl.getContext (E:\The Omniscience Assistant Project\Each phase zip files\The_Omniscience_Platform_Phase0\omniscience-platform\node_modules\.pnpm\jsdom@25.0.1\node_modules\jsdom\lib\jsdom\living\nodes\HTMLCanvasElement-impl.js:42:5)
@omniscience/ui:test:     at HTMLCanvasElement.getContext (E:\The Omniscience Assistant Project\Each phase zip files\The_Omniscience_Platform_Phase0\omniscience-platform\node_modules\.pnpm\jsdom@25.0.1\node_modules\jsdom\lib\jsdom\living\generated\HTMLCanvasElement.js:131:58)
@omniscience/ui:test:     at E:\The Omniscience Assistant Project\Each phase zip files\The_Omniscience_Platform_Phase0\omniscience-platform\packages\ui\src\background\AdaptiveBackground.tsx:53:24
@omniscience/ui:test:     at commitHookEffectListMount (E:\The Omniscience Assistant Project\Each phase zip files\The_Omniscience_Platform_Phase0\omniscience-platform\node_modules\.pnpm\react-dom@18.3.1_react@18.3.1\node_modules\react-dom\cjs\react-dom.development.js:23189:26)
@omniscience/ui:test:     at commitPassiveMountOnFiber (E:\The Omniscience Assistant Project\Each phase zip files\The_Omniscience_Platform_Phase0\omniscience-platform\node_modules\.pnpm\react-dom@18.3.1_react@18.3.1\node_modules\react-dom\cjs\react-dom.development.js:24970:11)
@omniscience/ui:test:     at commitPassiveMountEffects_complete (E:\The Omniscience Assistant Project\Each phase zip files\The_Omniscience_Platform_Phase0\omniscience-platform\node_modules\.pnpm\react-dom@18.3.1_react@18.3.1\node_modules\react-dom\cjs\react-dom.development.js:24930:9)
@omniscience/ui:test:     at commitPassiveMountEffects_begin (E:\The Omniscience Assistant Project\Each phase zip files\The_Omniscience_Platform_Phase0\omniscience-platform\node_modules\.pnpm\react-dom@18.3.1_react@18.3.1\node_modules\react-dom\cjs\react-dom.development.js:24917:7)
@omniscience/ui:test:     at commitPassiveMountEffects (E:\The Omniscience Assistant Project\Each phase zip files\The_Omniscience_Platform_Phase0\omniscience-platform\node_modules\.pnpm\react-dom@18.3.1_react@18.3.1\node_modules\react-dom\cjs\react-dom.development.js:24905:3)
@omniscience/ui:test:     at flushPassiveEffectsImpl (E:\The Omniscience Assistant Project\Each phase zip files\The_Omniscience_Platform_Phase0\omniscience-platform\node_modules\.pnpm\react-dom@18.3.1_react@18.3.1\node_modules\react-dom\cjs\react-dom.development.js:27078:3) [90mundefined[39m
@omniscience/ui:test: 
@omniscience/ui:test: [90mstderr[2m | src/background/AdaptiveBackground.test.tsx[2m > [22m[2mAdaptiveBackground[2m > [22m[2mis marked aria-hidden so it never interferes with assistive tech
@omniscience/ui:test: [22m[39mError: Not implemented: HTMLCanvasElement.prototype.getContext (without installing the canvas npm package)
@omniscience/types:test: 
@omniscience/types:test: > @omniscience/types@0.1.0 test E:\The Omniscience Assistant Project\Each phase zip files\The_Omniscience_Platform_Phase0\omniscience-platform\packages\types
@omniscience/types:test: > vitest run
@omniscience/ui:test:     at module.exports (E:\The Omniscience Assistant Project\Each phase zip files\The_Omniscience_Platform_Phase0\omniscience-platform\node_modules\.pnpm\jsdom@25.0.1\node_modules\jsdom\lib\jsdom\browser\not-implemented.js:9:17)
@omniscience/ui:test:     at HTMLCanvasElementImpl.getContext (E:\The Omniscience Assistant Project\Each phase zip files\The_Omniscience_Platform_Phase0\omniscience-platform\node_modules\.pnpm\jsdom@25.0.1\node_modules\jsdom\lib\jsdom\living\nodes\HTMLCanvasElement-impl.js:42:5)
@omniscience/ui:test:     at HTMLCanvasElement.getContext (E:\The Omniscience Assistant Project\Each phase zip files\The_Omniscience_Platform_Phase0\omniscience-platform\node_modules\.pnpm\jsdom@25.0.1\node_modules\jsdom\lib\jsdom\living\generated\HTMLCanvasElement.js:131:58)
@omniscience/ui:test:     at E:\The Omniscience Assistant Project\Each phase zip files\The_Omniscience_Platform_Phase0\omniscience-platform\packages\ui\src\background\AdaptiveBackground.tsx:53:24
@omniscience/ui:test:     at commitHookEffectListMount (E:\The Omniscience Assistant Project\Each phase zip files\The_Omniscience_Platform_Phase0\omniscience-platform\node_modules\.pnpm\react-dom@18.3.1_react@18.3.1\node_modules\react-dom\cjs\react-dom.development.js:23189:26)
@omniscience/ui:test:     at commitPassiveMountOnFiber (E:\The Omniscience Assistant Project\Each phase zip files\The_Omniscience_Platform_Phase0\omniscience-platform\node_modules\.pnpm\react-dom@18.3.1_react@18.3.1\node_modules\react-dom\cjs\react-dom.development.js:24970:11)
@omniscience/ui:test:     at commitPassiveMountEffects_complete (E:\The Omniscience Assistant Project\Each phase zip files\The_Omniscience_Platform_Phase0\omniscience-platform\node_modules\.pnpm\react-dom@18.3.1_react@18.3.1\node_modules\react-dom\cjs\react-dom.development.js:24930:9)
@omniscience/ui:test:     at commitPassiveMountEffects_begin (E:\The Omniscience Assistant Project\Each phase zip files\The_Omniscience_Platform_Phase0\omniscience-platform\node_modules\.pnpm\react-dom@18.3.1_react@18.3.1\node_modules\react-dom\cjs\react-dom.development.js:24917:7)
@omniscience/ui:test:     at commitPassiveMountEffects (E:\The Omniscience Assistant Project\Each phase zip files\The_Omniscience_Platform_Phase0\omniscience-platform\node_modules\.pnpm\react-dom@18.3.1_react@18.3.1\node_modules\react-dom\cjs\react-dom.development.js:24905:3)
@omniscience/ui:test:     at flushPassiveEffectsImpl (E:\The Omniscience Assistant Project\Each phase zip files\The_Omniscience_Platform_Phase0\omniscience-platform\node_modules\.pnpm\react-dom@18.3.1_react@18.3.1\node_modules\react-dom\cjs\react-dom.development.js:27078:3) [90mundefined[39m
@omniscience/ui:test: 
@omniscience/ui:test:  [32mΓ£ô[39m src/StatusBadge.test.tsx [2m([22m[2m5 tests[22m[2m)[22m[90m 70[2mms[22m[39m
@omniscience/ui:test: 
@omniscience/ui:test: [2m Test Files [22m [1m[32m15 passed[39m[22m[90m (15)[39m
@omniscience/ui:test: [2m      Tests [22m [1m[32m73 passed[39m[22m[90m (73)[39m
@omniscience/ui:test: [2m   Start at [22m 10:00:43
@omniscience/ui:test: [2m   Duration [22m 17.88s[2m (transform 3.67s, setup 0ms, collect 21.36s, tests 4.04s, environment 63.53s, prepare 12.23s)[22m
@omniscience/ui:test: 
@omniscience/config:test: cache hit, replaying logs dbc829ed2f064a4d
@omniscience/ui:build: cache hit, replaying logs cccdda9d5c7b9016
@omniscience/types:test: 
@omniscience/types:test: 
@omniscience/types:test: [1m[7m[36m RUN [39m[27m[22m [36mv2.1.9 [39m[90mE:/The Omniscience Assistant Project/Each phase zip files/The_Omniscience_Platform_Phase0/omniscience-platform/packages/types[39m
@omniscience/types:test: 
@omniscience/types:test:  [32mΓ£ô[39m src/health.test.ts [2m([22m[2m2 tests[22m[2m)[22m[90m 9[2mms[22m[39m
@omniscience/types:test: 
@omniscience/types:test: [2m Test Files [22m [1m[32m1 passed[39m[22m[90m (1)[39m
@omniscience/config:test: 
@omniscience/utils:test: cache hit, replaying logs f49d6ee641748f98
@omniscience/ui:build: 
@omniscience/ui:build: > @omniscience/ui@0.2.0 build E:\The Omniscience Assistant Project\Each phase zip files\The_Omniscience_Platform_Phase0\omniscience-platform\packages\ui
@omniscience/ui:build: > tsc -p tsconfig.json
@omniscience/ui:build: 
@omniscience/config:test: > @omniscience/config@0.1.0 test E:\The Omniscience Assistant Project\omniscience-platform\packages\config
@omniscience/config:test: > vitest run
@omniscience/types:test: [2m      Tests [22m [1m[32m2 passed[39m[22m[90m (2)[39m
@omniscience/types:test: [2m   Start at [22m 19:11:03
@omniscience/config:test: 
@omniscience/types:test: [2m   Duration [22m 7.24s[2m (transform 189ms, setup 0ms, collect 198ms, tests 9ms, environment 0ms, prepare 823ms)[22m
@omniscience/types:test: 
@omniscience/config:test: 
@omniscience/config:test: [1m[7m[36m RUN [39m[27m[22m [36mv2.1.9 [39m[90mE:/The Omniscience Assistant Project/omniscience-platform/packages/config[39m
@omniscience/config:test: 
@omniscience/config:test:  [32mΓ£ô[39m src/env.test.ts [2m([22m[2m12 tests[22m[2m)[22m[90m 16[2mms[22m[39m
@omniscience/config:test: 
@omniscience/utils:test: 
@omniscience/config:test: [2m Test Files [22m [1m[32m1 passed[39m[22m[90m (1)[39m
@omniscience/utils:test: > @omniscience/utils@0.1.0 test E:\The Omniscience Assistant Project\Each phase zip files\The_Omniscience_Platform_Phase0\omniscience-platform\packages\utils
@omniscience/utils:test: > vitest run
@omniscience/utils:test: 
@omniscience/utils:test: 
@omniscience/utils:test: [1m[7m[36m RUN [39m[27m[22m [36mv2.1.9 [39m[90mE:/The Omniscience Assistant Project/Each phase zip files/The_Omniscience_Platform_Phase0/omniscience-platform/packages/utils[39m
@omniscience/utils:test: 
@omniscience/utils:test:  [32mΓ£ô[39m src/result.test.ts [2m([22m[2m2 tests[22m[2m)[22m[90m 9[2mms[22m[39m
@omniscience/utils:test:  [32mΓ£ô[39m src/logger.test.ts [2m([22m[2m3 tests[22m[2m)[22m[90m 16[2mms[22m[39m
@omniscience/utils:test: 
@omniscience/utils:test: [2m Test Files [22m [1m[32m2 passed[39m[22m[90m (2)[39m
@omniscience/utils:test: [2m      Tests [22m [1m[32m5 passed[39m[22m[90m (5)[39m
@omniscience/utils:test: [2m   Start at [22m 19:11:03
@omniscience/utils:test: [2m   Duration [22m 7.86s[2m (transform 359ms, setup 0ms, collect 1.29s, tests 26ms, environment 1ms, prepare 1.68s)[22m
@omniscience/utils:test: 
@omniscience/sdk:build: cache hit, replaying logs 8deb21be96a1ba37
@omniscience/config:test: [2m      Tests [22m [1m[32m12 passed[39m[22m[90m (12)[39m
@omniscience/sdk:build: 
@omniscience/sdk:build: > @omniscience/sdk@0.1.0 build E:\The Omniscience Assistant Project\Each phase zip files\The_Omniscience_Platform_Phase0\omniscience-platform\packages\sdk
@omniscience/sdk:build: > tsc -p tsconfig.json
@omniscience/sdk:build: 
@omniscience/config:test: [2m   Start at [22m 14:41:50
@omniscience/config:test: [2m   Duration [22m 1.10s[2m (transform 299ms, setup 0ms, collect 273ms, tests 16ms, environment 0ms, prepare 280ms)[22m
@omniscience/config:test: 
@omniscience/web:test: cache hit, replaying logs e6b1a172952d4f43
@omniscience/api:test: cache hit, replaying logs b96b9b48f0ddb813
@omniscience/web:test: 
@omniscience/web:test: > @omniscience/web@0.2.0 test E:\The Omniscience Assistant Project\Each phase zip files\The_Omniscience_Platform_Phase0\omniscience-platform\apps\web
@omniscience/web:test: > vitest run
@omniscience/web:test: 
@omniscience/web:test: 
@omniscience/web:test: [1m[7m[36m RUN [39m[27m[22m [36mv2.1.9 [39m[90mE:/The Omniscience Assistant Project/Each phase zip files/The_Omniscience_Platform_Phase0/omniscience-platform/apps/web[39m
@omniscience/web:test: 
@omniscience/web:test:  [32mΓ£ô[39m src/features/system-status/SystemStatusPanel.configError.test.tsx [2m([22m[2m2 tests[22m[2m)[22m[90m 181[2mms[22m[39m
@omniscience/web:test:  [32mΓ£ô[39m src/features/system-status/SystemStatusPanel.test.tsx [2m([22m[2m2 tests[22m[2m)[22m[33m 1337[2mms[22m[39m
@omniscience/web:test:    [33m[2mΓ£ô[22m[39m SystemStatusPanel[2m > [22mshows ok status badges once both health checks succeed [33m1169[2mms[22m[39m
@omniscience/web:test: [90mstderr[2m | src/pages/AuthPages.test.tsx[2m > [22m[2mLoginPage[2m > [22m[2mshows a preview-only toast after submitting, without calling any backend
@omniscience/web:test:  [32mΓ£ô[39m src/pages/AuthPages.test.tsx [2m([22m[2m3 tests[22m[2m)[22m[33m 580[2mms[22m[39m
@omniscience/web:test: [22m[39mError: Not implemented: HTMLCanvasElement.prototype.getContext (without installing the canvas npm package)
@omniscience/web:test:    [33m[2mΓ£ô[22m[39m LoginPage[2m > [22mshows a preview-only toast after submitting, without calling any backend [33m401[2mms[22m[39m
@omniscience/web:test:     at module.exports (E:\The Omniscience Assistant Project\Each phase zip files\The_Omniscience_Platform_Phase0\omniscience-platform\node_modules\.pnpm\jsdom@25.0.1\node_modules\jsdom\lib\jsdom\browser\not-implemented.js:9:17)
@omniscience/web:test:     at HTMLCanvasElementImpl.getContext (E:\The Omniscience Assistant Project\Each phase zip files\The_Omniscience_Platform_Phase0\omniscience-platform\node_modules\.pnpm\jsdom@25.0.1\node_modules\jsdom\lib\jsdom\living\nodes\HTMLCanvasElement-impl.js:42:5)
@omniscience/web:test:     at HTMLCanvasElement.getContext (E:\The Omniscience Assistant Project\Each phase zip files\The_Omniscience_Platform_Phase0\omniscience-platform\node_modules\.pnpm\jsdom@25.0.1\node_modules\jsdom\lib\jsdom\living\generated\HTMLCanvasElement.js:131:58)
@omniscience/web:test:     at E:\The Omniscience Assistant Project\Each phase zip files\The_Omniscience_Platform_Phase0\omniscience-platform\packages\ui\src\background\AdaptiveBackground.tsx:53:24
@omniscience/web:test:     at commitHookEffectListMount (E:\The Omniscience Assistant Project\Each phase zip files\The_Omniscience_Platform_Phase0\omniscience-platform\node_modules\.pnpm\react-dom@18.3.1_react@18.3.1\node_modules\react-dom\cjs\react-dom.development.js:23189:26)
@omniscience/web:test:     at commitPassiveMountOnFiber (E:\The Omniscience Assistant Project\Each phase zip files\The_Omniscience_Platform_Phase0\omniscience-platform\node_modules\.pnpm\react-dom@18.3.1_react@18.3.1\node_modules\react-dom\cjs\react-dom.development.js:24970:11)
@omniscience/web:test:     at commitPassiveMountEffects_complete (E:\The Omniscience Assistant Project\Each phase zip files\The_Omniscience_Platform_Phase0\omniscience-platform\node_modules\.pnpm\react-dom@18.3.1_react@18.3.1\node_modules\react-dom\cjs\react-dom.development.js:24930:9)
@omniscience/web:test:     at commitPassiveMountEffects_begin (E:\The Omniscience Assistant Project\Each phase zip files\The_Omniscience_Platform_Phase0\omniscience-platform\node_modules\.pnpm\react-dom@18.3.1_react@18.3.1\node_modules\react-dom\cjs\react-dom.development.js:24917:7)
@omniscience/web:test:     at commitPassiveMountEffects (E:\The Omniscience Assistant Project\Each phase zip files\The_Omniscience_Platform_Phase0\omniscience-platform\node_modules\.pnpm\react-dom@18.3.1_react@18.3.1\node_modules\react-dom\cjs\react-dom.development.js:24905:3)
@omniscience/web:test:     at flushPassiveEffectsImpl (E:\The Omniscience Assistant Project\Each phase zip files\The_Omniscience_Platform_Phase0\omniscience-platform\node_modules\.pnpm\react-dom@18.3.1_react@18.3.1\node_modules\react-dom\cjs\react-dom.development.js:27078:3) [90mundefined[39m
@omniscience/web:test: ΓÜá∩╕Å React Router Future Flag Warning: React Router will begin wrapping state updates in `React.startTransition` in v7. You can use the `v7_startTransition` future flag to opt-in early. For more information, see https://reactrouter.com/v6/upgrading/future#v7_starttransition.
@omniscience/api:test: 
@omniscience/web:test: ΓÜá∩╕Å React Router Future Flag Warning: Relative route resolution within Splat routes is changing in v7. You can use the `v7_relativeSplatPath` future flag to opt-in early. For more information, see https://reactrouter.com/v6/upgrading/future#v7_relativesplatpath.
@omniscience/web:test: 
@omniscience/web:test: [90mstderr[2m | src/pages/AuthPages.test.tsx[2m > [22m[2mResetPasswordPage[2m > [22m[2mdisables submission and shows an error when the passwords don't match
@omniscience/api:test: > @omniscience/api@0.1.0 test E:\The Omniscience Assistant Project\omniscience-platform\apps\api
@omniscience/web:test: [22m[39mError: Not implemented: HTMLCanvasElement.prototype.getContext (without installing the canvas npm package)
@omniscience/api:test: > jest
@omniscience/web:test:     at module.exports (E:\The Omniscience Assistant Project\Each phase zip files\The_Omniscience_Platform_Phase0\omniscience-platform\node_modules\.pnpm\jsdom@25.0.1\node_modules\jsdom\lib\jsdom\browser\not-implemented.js:9:17)
@omniscience/api:test: 
@omniscience/web:test:     at HTMLCanvasElementImpl.getContext (E:\The Omniscience Assistant Project\Each phase zip files\The_Omniscience_Platform_Phase0\omniscience-platform\node_modules\.pnpm\jsdom@25.0.1\node_modules\jsdom\lib\jsdom\living\nodes\HTMLCanvasElement-impl.js:42:5)
@omniscience/api:test: PASS src/common/filters/all-exceptions.filter.spec.ts
@omniscience/web:test:     at HTMLCanvasElement.getContext (E:\The Omniscience Assistant Project\Each phase zip files\The_Omniscience_Platform_Phase0\omniscience-platform\node_modules\.pnpm\jsdom@25.0.1\node_modules\jsdom\lib\jsdom\living\generated\HTMLCanvasElement.js:131:58)
@omniscience/api:test: PASS src/prisma/prisma.service.spec.ts (5.694 s)
@omniscience/web:test:     at E:\The Omniscience Assistant Project\Each phase zip files\The_Omniscience_Platform_Phase0\omniscience-platform\packages\ui\src\background\AdaptiveBackground.tsx:53:24
@omniscience/api:test: PASS src/redis/redis.service.spec.ts (5.699 s)
@omniscience/web:test:     at commitHookEffectListMount (E:\The Omniscience Assistant Project\Each phase zip files\The_Omniscience_Platform_Phase0\omniscience-platform\node_modules\.pnpm\react-dom@18.3.1_react@18.3.1\node_modules\react-dom\cjs\react-dom.development.js:23189:26)
@omniscience/api:test: PASS src/health/health.controller.spec.ts (5.766 s)
@omniscience/web:test:     at commitPassiveMountOnFiber (E:\The Omniscience Assistant Project\Each phase zip files\The_Omniscience_Platform_Phase0\omniscience-platform\node_modules\.pnpm\react-dom@18.3.1_react@18.3.1\node_modules\react-dom\cjs\react-dom.development.js:24970:11)
@omniscience/api:test: PASS src/mail/mail.service.spec.ts (5.918 s)
@omniscience/api:test: PASS src/config/config.module.spec.ts (6.15 s)
@omniscience/api:test: PASS src/health/health.service.spec.ts
@omniscience/api:test: PASS test/health.e2e-spec.ts (8.501 s)
@omniscience/api:test: 
@omniscience/api:test: Test Suites: 8 passed, 8 total
@omniscience/api:test: Tests:       23 passed, 23 total
@omniscience/web:test:     at commitPassiveMountEffects_complete (E:\The Omniscience Assistant Project\Each phase zip files\The_Omniscience_Platform_Phase0\omniscience-platform\node_modules\.pnpm\react-dom@18.3.1_react@18.3.1\node_modules\react-dom\cjs\react-dom.development.js:24930:9)
@omniscience/api:test: Snapshots:   0 total
@omniscience/web:test:     at commitPassiveMountEffects_begin (E:\The Omniscience Assistant Project\Each phase zip files\The_Omniscience_Platform_Phase0\omniscience-platform\node_modules\.pnpm\react-dom@18.3.1_react@18.3.1\node_modules\react-dom\cjs\react-dom.development.js:24917:7)
@omniscience/api:test: Time:        10.71 s
@omniscience/web:test:     at commitPassiveMountEffects (E:\The Omniscience Assistant Project\Each phase zip files\The_Omniscience_Platform_Phase0\omniscience-platform\node_modules\.pnpm\react-dom@18.3.1_react@18.3.1\node_modules\react-dom\cjs\react-dom.development.js:24905:3)
@omniscience/api:test: Ran all test suites.
@omniscience/web:test:     at flushPassiveEffectsImpl (E:\The Omniscience Assistant Project\Each phase zip files\The_Omniscience_Platform_Phase0\omniscience-platform\node_modules\.pnpm\react-dom@18.3.1_react@18.3.1\node_modules\react-dom\cjs\react-dom.development.js:27078:3) [90mundefined[39m
@omniscience/api:test: {"level":50,"time":"2026-07-12T13:27:53.888Z","service":"api-test","status":404,"code":"NOT_FOUND","err":"NotFoundException: Cannot GET /unknown-route\n    at callback (E:\\The Omniscience Assistant Project\\omniscience-platform\\node_modules\\.pnpm\\@nestjs+core@10.4.22_@nestjs+common@10.4.22_reflect-metadata@0.2.2_rxjs@7.8.2__@nestjs+platfo_7kfmsha4ldy5jexczco62bentu\\node_modules\\@nestjs\\core\\router\\routes-resolver.js:77:19)\n    at E:\\The Omniscience Assistant Project\\omniscience-platform\\node_modules\\.pnpm\\@nestjs+core@10.4.22_@nestjs+common@10.4.22_reflect-metadata@0.2.2_rxjs@7.8.2__@nestjs+platfo_7kfmsha4ldy5jexczco62bentu\\node_modules\\@nestjs\\core\\router\\router-proxy.js:9:23\n    at Layer.handle [as handle_request] (E:\\The Omniscience Assistant Project\\omniscience-platform\\node_modules\\.pnpm\\express@4.22.1\\node_modules\\express\\lib\\router\\layer.js:95:5)\n    at trim_prefix (E:\\The Omniscience Assistant Project\\omniscience-platform\\node_modules\\.pnpm\\express@4.22.1\\node_modules\\express\\lib\\router\\index.js:328:13)\n    at E:\\The Omniscience Assistant Project\\omniscience-platform\\node_modules\\.pnpm\\express@4.22.1\\node_modules\\express\\lib\\router\\index.js:286:9\n    at Function.process_params (E:\\The Omniscience Assistant Project\\omniscience-platform\\node_modules\\.pnpm\\express@4.22.1\\node_modules\\express\\lib\\router\\index.js:346:12)\n    at next (E:\\The Omniscience Assistant Project\\omniscience-platform\\node_modules\\.pnpm\\express@4.22.1\\node_modules\\express\\lib\\router\\index.js:280:10)\n    at urlencodedParser (E:\\The Omniscience Assistant Project\\omniscience-platform\\node_modules\\.pnpm\\body-parser@1.20.4\\node_modules\\body-parser\\lib\\types\\urlencoded.js:91:7)\n    at Layer.handle [as handle_request] (E:\\The Omniscience Assistant Project\\omniscience-platform\\node_modules\\.pnpm\\express@4.22.1\\node_modules\\express\\lib\\router\\layer.js:95:5)\n    at trim_prefix (E:\\The Omniscience Assistant Project\\omniscience-platform\\node_modules\\.pnpm\\express@4.22.1\\node_modules\\express\\lib\\router\\index.js:328:13)\n    at E:\\The Omniscience Assistant Project\\omniscience-platform\\node_modules\\.pnpm\\express@4.22.1\\node_modules\\express\\lib\\router\\index.js:286:9\n    at Function.process_params (E:\\The Omniscience Assistant Project\\omniscience-platform\\node_modules\\.pnpm\\express@4.22.1\\node_modules\\express\\lib\\router\\index.js:346:12)\n    at next (E:\\The Omniscience Assistant Project\\omniscience-platform\\node_modules\\.pnpm\\express@4.22.1\\node_modules\\express\\lib\\router\\index.js:280:10)\n    at jsonParser (E:\\The Omniscience Assistant Project\\omniscience-platform\\node_modules\\.pnpm\\body-parser@1.20.4\\node_modules\\body-parser\\lib\\types\\json.js:113:7)\n    at Layer.handle [as handle_request] (E:\\The Omniscience Assistant Project\\omniscience-platform\\node_modules\\.pnpm\\express@4.22.1\\node_modules\\express\\lib\\router\\layer.js:95:5)\n    at trim_prefix (E:\\The Omniscience Assistant Project\\omniscience-platform\\node_modules\\.pnpm\\express@4.22.1\\node_modules\\express\\lib\\router\\index.js:328:13)\n    at E:\\The Omniscience Assistant Project\\omniscience-platform\\node_modules\\.pnpm\\express@4.22.1\\node_modules\\express\\lib\\router\\index.js:286:9\n    at Function.process_params (E:\\The Omniscience Assistant Project\\omniscience-platform\\node_modules\\.pnpm\\express@4.22.1\\node_modules\\express\\lib\\router\\index.js:346:12)\n    at next (E:\\The Omniscience Assistant Project\\omniscience-platform\\node_modules\\.pnpm\\express@4.22.1\\node_modules\\express\\lib\\router\\index.js:280:10)\n    at expressInit (E:\\The Omniscience Assistant Project\\omniscience-platform\\node_modules\\.pnpm\\express@4.22.1\\node_modules\\express\\lib\\middleware\\init.js:40:5)\n    at Layer.handle [as handle_request] (E:\\The Omniscience Assistant Project\\omniscience-platform\\node_modules\\.pnpm\\express@4.22.1\\node_modules\\express\\lib\\router\\layer.js:95:5)\n    at trim_prefix (E:\\The Omniscience Assistant Project\\omniscience-platform\\node_modules\\.pnpm\\express@4.22.1\\node_modules\\express\\lib\\router\\index.js:328:13)\n    at E:\\The Omniscience Assistant Project\\omniscience-platform\\node_modules\\.pnpm\\express@4.22.1\\node_modules\\express\\lib\\router\\index.js:286:9\n    at Function.process_params (E:\\The Omniscience Assistant Project\\omniscience-platform\\node_modules\\.pnpm\\express@4.22.1\\node_modules\\express\\lib\\router\\index.js:346:12)\n    at next (E:\\The Omniscience Assistant Project\\omniscience-platform\\node_modules\\.pnpm\\express@4.22.1\\node_modules\\express\\lib\\router\\index.js:280:10)\n    at query (E:\\The Omniscience Assistant Project\\omniscience-platform\\node_modules\\.pnpm\\express@4.22.1\\node_modules\\express\\lib\\middleware\\query.js:45:5)\n    at Layer.handle [as handle_request] (E:\\The Omniscience Assistant Project\\omniscience-platform\\node_modules\\.pnpm\\express@4.22.1\\node_modules\\express\\lib\\router\\layer.js:95:5)\n    at trim_prefix (E:\\The Omniscience Assistant Project\\omniscience-platform\\node_modules\\.pnpm\\express@4.22.1\\node_modules\\express\\lib\\router\\index.js:328:13)\n    at E:\\The Omniscience Assistant Project\\omniscience-platform\\node_modules\\.pnpm\\express@4.22.1\\node_modules\\express\\lib\\router\\index.js:286:9\n    at Function.process_params (E:\\The Omniscience Assistant Project\\omniscience-platform\\node_modules\\.pnpm\\express@4.22.1\\node_modules\\express\\lib\\router\\index.js:346:12)\n    at next (E:\\The Omniscience Assistant Project\\omniscience-platform\\node_modules\\.pnpm\\express@4.22.1\\node_modules\\express\\lib\\router\\index.js:280:10)\n    at Function.handle (E:\\The Omniscience Assistant Project\\omniscience-platform\\node_modules\\.pnpm\\express@4.22.1\\node_modules\\express\\lib\\router\\index.js:175:3)\n    at Function.handle (E:\\The Omniscience Assistant Project\\omniscience-platform\\node_modules\\.pnpm\\express@4.22.1\\node_modules\\express\\lib\\application.js:181:10)\n    at Server.app (E:\\The Omniscience Assistant Project\\omniscience-platform\\node_modules\\.pnpm\\express@4.22.1\\node_modules\\express\\lib\\express.js:39:9)\n    at Server.emit (node:events:518:28)\n    at parserOnIncoming (node:_http_server:1155:12)\n    at HTTPParser.parserOnHeadersComplete (node:_http_common:117:17)","msg":"unhandled exception"}
@omniscience/sdk:test: cache hit, replaying logs 8b62b26fbd39bd2b
@omniscience/web:test: 
@omniscience/web:test: [90mstderr[2m | src/pages/AuthPages.test.tsx[2m > [22m[2mResetPasswordPage[2m > [22m[2menables submission once both passwords match
@omniscience/web:test: [22m[39mError: Not implemented: HTMLCanvasElement.prototype.getContext (without installing the canvas npm package)
@omniscience/web:test:     at module.exports (E:\The Omniscience Assistant Project\Each phase zip files\The_Omniscience_Platform_Phase0\omniscience-platform\node_modules\.pnpm\jsdom@25.0.1\node_modules\jsdom\lib\jsdom\browser\not-implemented.js:9:17)
@omniscience/web:test:     at HTMLCanvasElementImpl.getContext (E:\The Omniscience Assistant Project\Each phase zip files\The_Omniscience_Platform_Phase0\omniscience-platform\node_modules\.pnpm\jsdom@25.0.1\node_modules\jsdom\lib\jsdom\living\nodes\HTMLCanvasElement-impl.js:42:5)
@omniscience/web:test:     at HTMLCanvasElement.getContext (E:\The Omniscience Assistant Project\Each phase zip files\The_Omniscience_Platform_Phase0\omniscience-platform\node_modules\.pnpm\jsdom@25.0.1\node_modules\jsdom\lib\jsdom\living\generated\HTMLCanvasElement.js:131:58)
@omniscience/web:test:     at E:\The Omniscience Assistant Project\Each phase zip files\The_Omniscience_Platform_Phase0\omniscience-platform\packages\ui\src\background\AdaptiveBackground.tsx:53:24
@omniscience/web:test:     at commitHookEffectListMount (E:\The Omniscience Assistant Project\Each phase zip files\The_Omniscience_Platform_Phase0\omniscience-platform\node_modules\.pnpm\react-dom@18.3.1_react@18.3.1\node_modules\react-dom\cjs\react-dom.development.js:23189:26)
@omniscience/web:test:     at commitPassiveMountOnFiber (E:\The Omniscience Assistant Project\Each phase zip files\The_Omniscience_Platform_Phase0\omniscience-platform\node_modules\.pnpm\react-dom@18.3.1_react@18.3.1\node_modules\react-dom\cjs\react-dom.development.js:24970:11)
@omniscience/web:test:     at commitPassiveMountEffects_complete (E:\The Omniscience Assistant Project\Each phase zip files\The_Omniscience_Platform_Phase0\omniscience-platform\node_modules\.pnpm\react-dom@18.3.1_react@18.3.1\node_modules\react-dom\cjs\react-dom.development.js:24930:9)
@omniscience/web:test:     at commitPassiveMountEffects_begin (E:\The Omniscience Assistant Project\Each phase zip files\The_Omniscience_Platform_Phase0\omniscience-platform\node_modules\.pnpm\react-dom@18.3.1_react@18.3.1\node_modules\react-dom\cjs\react-dom.development.js:24917:7)
@omniscience/web:test:     at commitPassiveMountEffects (E:\The Omniscience Assistant Project\Each phase zip files\The_Omniscience_Platform_Phase0\omniscience-platform\node_modules\.pnpm\react-dom@18.3.1_react@18.3.1\node_modules\react-dom\cjs\react-dom.development.js:24905:3)
@omniscience/web:test:     at flushPassiveEffectsImpl (E:\The Omniscience Assistant Project\Each phase zip files\The_Omniscience_Platform_Phase0\omniscience-platform\node_modules\.pnpm\react-dom@18.3.1_react@18.3.1\node_modules\react-dom\cjs\react-dom.development.js:27078:3) [90mundefined[39m
@omniscience/web:test: 
@omniscience/web:test: [90mstderr[2m | src/layout/AppShell.test.tsx[2m > [22m[2mAppShell[2m > [22m[2mrenders navigation items and breadcrumbs alongside the content
@omniscience/web:test:  [32mΓ£ô[39m src/layout/AppShell.test.tsx [2m([22m[2m2 tests[22m[2m)[22m[33m 443[2mms[22m[39m
@omniscience/web:test: [22m[39mΓÜá∩╕Å React Router Future Flag Warning: React Router will begin wrapping state updates in `React.startTransition` in v7. You can use the `v7_startTransition` future flag to opt-in early. For more information, see https://reactrouter.com/v6/upgrading/future#v7_starttransition.
@omniscience/web:test: ΓÜá∩╕Å React Router Future Flag Warning: Relative route resolution within Splat routes is changing in v7. You can use the `v7_relativeSplatPath` future flag to opt-in early. For more information, see https://reactrouter.com/v6/upgrading/future#v7_relativesplatpath.
@omniscience/web:test:    [33m[2mΓ£ô[22m[39m AppShell[2m > [22mrenders navigation items and breadcrumbs alongside the content [33m345[2mms[22m[39m
@omniscience/web:test: 
@omniscience/web:test:  [32mΓ£ô[39m src/App.configError.test.tsx [2m([22m[2m3 tests[22m[2m)[22m[33m 627[2mms[22m[39m
@omniscience/web:test: [90mstderr[2m | src/App.configError.test.tsx[2m > [22m[2mApp routing without API/AI service configuration[2m > [22m[2mstill renders the landing page when the API/AI service URLs are unset
@omniscience/web:test: [22m[39mError: Not implemented: HTMLCanvasElement.prototype.getContext (without installing the canvas npm package)
@omniscience/web:test:     at module.exports (E:\The Omniscience Assistant Project\Each phase zip files\The_Omniscience_Platform_Phase0\omniscience-platform\node_modules\.pnpm\jsdom@25.0.1\node_modules\jsdom\lib\jsdom\browser\not-implemented.js:9:17)
@omniscience/web:test:     at HTMLCanvasElementImpl.getContext (E:\The Omniscience Assistant Project\Each phase zip files\The_Omniscience_Platform_Phase0\omniscience-platform\node_modules\.pnpm\jsdom@25.0.1\node_modules\jsdom\lib\jsdom\living\nodes\HTMLCanvasElement-impl.js:42:5)
@omniscience/web:test:     at HTMLCanvasElement.getContext (E:\The Omniscience Assistant Project\Each phase zip files\The_Omniscience_Platform_Phase0\omniscience-platform\node_modules\.pnpm\jsdom@25.0.1\node_modules\jsdom\lib\jsdom\living\generated\HTMLCanvasElement.js:131:58)
@omniscience/web:test:     at E:\The Omniscience Assistant Project\Each phase zip files\The_Omniscience_Platform_Phase0\omniscience-platform\packages\ui\src\background\AdaptiveBackground.tsx:53:24
@omniscience/web:test:     at commitHookEffectListMount (E:\The Omniscience Assistant Project\Each phase zip files\The_Omniscience_Platform_Phase0\omniscience-platform\node_modules\.pnpm\react-dom@18.3.1_react@18.3.1\node_modules\react-dom\cjs\react-dom.development.js:23189:26)
@omniscience/web:test:     at commitPassiveMountOnFiber (E:\The Omniscience Assistant Project\Each phase zip files\The_Omniscience_Platform_Phase0\omniscience-platform\node_modules\.pnpm\react-dom@18.3.1_react@18.3.1\node_modules\react-dom\cjs\react-dom.development.js:24970:11)
@omniscience/web:test:     at commitPassiveMountEffects_complete (E:\The Omniscience Assistant Project\Each phase zip files\The_Omniscience_Platform_Phase0\omniscience-platform\node_modules\.pnpm\react-dom@18.3.1_react@18.3.1\node_modules\react-dom\cjs\react-dom.development.js:24930:9)
@omniscience/web:test:     at commitPassiveMountEffects_begin (E:\The Omniscience Assistant Project\Each phase zip files\The_Omniscience_Platform_Phase0\omniscience-platform\node_modules\.pnpm\react-dom@18.3.1_react@18.3.1\node_modules\react-dom\cjs\react-dom.development.js:24917:7)
@omniscience/web:test:     at commitPassiveMountEffects (E:\The Omniscience Assistant Project\Each phase zip files\The_Omniscience_Platform_Phase0\omniscience-platform\node_modules\.pnpm\react-dom@18.3.1_react@18.3.1\node_modules\react-dom\cjs\react-dom.development.js:24905:3)
@omniscience/web:test:     at flushPassiveEffectsImpl (E:\The Omniscience Assistant Project\Each phase zip files\The_Omniscience_Platform_Phase0\omniscience-platform\node_modules\.pnpm\react-dom@18.3.1_react@18.3.1\node_modules\react-dom\cjs\react-dom.development.js:27078:3) [90mundefined[39m
@omniscience/web:test: ΓÜá∩╕Å React Router Future Flag Warning: React Router will begin wrapping state updates in `React.startTransition` in v7. You can use the `v7_startTransition` future flag to opt-in early. For more information, see https://reactrouter.com/v6/upgrading/future#v7_starttransition.
@omniscience/web:test: ΓÜá∩╕Å React Router Future Flag Warning: Relative route resolution within Splat routes is changing in v7. You can use the `v7_relativeSplatPath` future flag to opt-in early. For more information, see https://reactrouter.com/v6/upgrading/future#v7_relativesplatpath.
@omniscience/web:test: 
@omniscience/web:test: [90mstderr[2m | src/App.configError.test.tsx[2m > [22m[2mApp routing without API/AI service configuration[2m > [22m[2mstill renders the login screen when the API/AI service URLs are unset
@omniscience/web:test: [22m[39mError: Not implemented: HTMLCanvasElement.prototype.getContext (without installing the canvas npm package)
@omniscience/web:test:     at module.exports (E:\The Omniscience Assistant Project\Each phase zip files\The_Omniscience_Platform_Phase0\omniscience-platform\node_modules\.pnpm\jsdom@25.0.1\node_modules\jsdom\lib\jsdom\browser\not-implemented.js:9:17)
@omniscience/web:test:     at HTMLCanvasElementImpl.getContext (E:\The Omniscience Assistant Project\Each phase zip files\The_Omniscience_Platform_Phase0\omniscience-platform\node_modules\.pnpm\jsdom@25.0.1\node_modules\jsdom\lib\jsdom\living\nodes\HTMLCanvasElement-impl.js:42:5)
@omniscience/web:test:     at HTMLCanvasElement.getContext (E:\The Omniscience Assistant Project\Each phase zip files\The_Omniscience_Platform_Phase0\omniscience-platform\node_modules\.pnpm\jsdom@25.0.1\node_modules\jsdom\lib\jsdom\living\generated\HTMLCanvasElement.js:131:58)
@omniscience/web:test:     at E:\The Omniscience Assistant Project\Each phase zip files\The_Omniscience_Platform_Phase0\omniscience-platform\packages\ui\src\background\AdaptiveBackground.tsx:53:24
@omniscience/web:test:     at commitHookEffectListMount (E:\The Omniscience Assistant Project\Each phase zip files\The_Omniscience_Platform_Phase0\omniscience-platform\node_modules\.pnpm\react-dom@18.3.1_react@18.3.1\node_modules\react-dom\cjs\react-dom.development.js:23189:26)
@omniscience/sdk:test: 
@omniscience/web:test:     at commitPassiveMountOnFiber (E:\The Omniscience Assistant Project\Each phase zip files\The_Omniscience_Platform_Phase0\omniscience-platform\node_modules\.pnpm\react-dom@18.3.1_react@18.3.1\node_modules\react-dom\cjs\react-dom.development.js:24970:11)
@omniscience/web:test:     at commitPassiveMountEffects_complete (E:\The Omniscience Assistant Project\Each phase zip files\The_Omniscience_Platform_Phase0\omniscience-platform\node_modules\.pnpm\react-dom@18.3.1_react@18.3.1\node_modules\react-dom\cjs\react-dom.development.js:24930:9)
@omniscience/sdk:test: > @omniscience/sdk@0.1.0 test E:\The Omniscience Assistant Project\Each phase zip files\The_Omniscience_Platform_Phase0\omniscience-platform\packages\sdk
@omniscience/sdk:test: > vitest run
@omniscience/sdk:test: 
@omniscience/sdk:test: 
@omniscience/sdk:test: [1m[7m[36m RUN [39m[27m[22m [36mv2.1.9 [39m[90mE:/The Omniscience Assistant Project/Each phase zip files/The_Omniscience_Platform_Phase0/omniscience-platform/packages/sdk[39m
@omniscience/web:test:     at commitPassiveMountEffects_begin (E:\The Omniscience Assistant Project\Each phase zip files\The_Omniscience_Platform_Phase0\omniscience-platform\node_modules\.pnpm\react-dom@18.3.1_react@18.3.1\node_modules\react-dom\cjs\react-dom.development.js:24917:7)
@omniscience/sdk:test: 
@omniscience/web:test:     at commitPassiveMountEffects (E:\The Omniscience Assistant Project\Each phase zip files\The_Omniscience_Platform_Phase0\omniscience-platform\node_modules\.pnpm\react-dom@18.3.1_react@18.3.1\node_modules\react-dom\cjs\react-dom.development.js:24905:3)
@omniscience/sdk:test:  [32mΓ£ô[39m src/client.test.ts [2m([22m[2m4 tests[22m[2m)[22m[90m 16[2mms[22m[39m
@omniscience/web:test:     at flushPassiveEffectsImpl (E:\The Omniscience Assistant Project\Each phase zip files\The_Omniscience_Platform_Phase0\omniscience-platform\node_modules\.pnpm\react-dom@18.3.1_react@18.3.1\node_modules\react-dom\cjs\react-dom.development.js:27078:3) [90mundefined[39m
@omniscience/sdk:test: 
@omniscience/web:test: 
@omniscience/sdk:test: [2m Test Files [22m [1m[32m1 passed[39m[22m[90m (1)[39m
@omniscience/web:test: [90mstderr[2m | src/App.test.tsx[2m > [22m[2mApp routing[2m > [22m[2mrenders the landing page at /
@omniscience/sdk:test: [2m      Tests [22m [1m[32m4 passed[39m[22m[90m (4)[39m
@omniscience/web:test:  [32mΓ£ô[39m src/App.test.tsx [2m([22m[2m8 tests[22m[2m)[22m[33m 859[2mms[22m[39m
@omniscience/sdk:test: [2m   Start at [22m 19:11:03
@omniscience/web:test: [22m[39mError: Not implemented: HTMLCanvasElement.prototype.getContext (without installing the canvas npm package)
@omniscience/sdk:test: [2m   Duration [22m 7.32s[2m (transform 196ms, setup 0ms, collect 239ms, tests 16ms, environment 1ms, prepare 812ms)[22m
@omniscience/web:test:     at module.exports (E:\The Omniscience Assistant Project\Each phase zip files\The_Omniscience_Platform_Phase0\omniscience-platform\node_modules\.pnpm\jsdom@25.0.1\node_modules\jsdom\lib\jsdom\browser\not-implemented.js:9:17)
@omniscience/sdk:test: 
@omniscience/web:test:     at HTMLCanvasElementImpl.getContext (E:\The Omniscience Assistant Project\Each phase zip files\The_Omniscience_Platform_Phase0\omniscience-platform\node_modules\.pnpm\jsdom@25.0.1\node_modules\jsdom\lib\jsdom\living\nodes\HTMLCanvasElement-impl.js:42:5)
@omniscience/web:test:     at HTMLCanvasElement.getContext (E:\The Omniscience Assistant Project\Each phase zip files\The_Omniscience_Platform_Phase0\omniscience-platform\node_modules\.pnpm\jsdom@25.0.1\node_modules\jsdom\lib\jsdom\living\generated\HTMLCanvasElement.js:131:58)
@omniscience/web:test:     at E:\The Omniscience Assistant Project\Each phase zip files\The_Omniscience_Platform_Phase0\omniscience-platform\packages\ui\src\background\AdaptiveBackground.tsx:53:24
@omniscience/web:test:     at commitHookEffectListMount (E:\The Omniscience Assistant Project\Each phase zip files\The_Omniscience_Platform_Phase0\omniscience-platform\node_modules\.pnpm\react-dom@18.3.1_react@18.3.1\node_modules\react-dom\cjs\react-dom.development.js:23189:26)
@omniscience/web:test:     at commitPassiveMountOnFiber (E:\The Omniscience Assistant Project\Each phase zip files\The_Omniscience_Platform_Phase0\omniscience-platform\node_modules\.pnpm\react-dom@18.3.1_react@18.3.1\node_modules\react-dom\cjs\react-dom.development.js:24970:11)
@omniscience/web:test:     at commitPassiveMountEffects_complete (E:\The Omniscience Assistant Project\Each phase zip files\The_Omniscience_Platform_Phase0\omniscience-platform\node_modules\.pnpm\react-dom@18.3.1_react@18.3.1\node_modules\react-dom\cjs\react-dom.development.js:24930:9)
@omniscience/web:test:     at commitPassiveMountEffects_begin (E:\The Omniscience Assistant Project\Each phase zip files\The_Omniscience_Platform_Phase0\omniscience-platform\node_modules\.pnpm\react-dom@18.3.1_react@18.3.1\node_modules\react-dom\cjs\react-dom.development.js:24917:7)
@omniscience/web:test:     at commitPassiveMountEffects (E:\The Omniscience Assistant Project\Each phase zip files\The_Omniscience_Platform_Phase0\omniscience-platform\node_modules\.pnpm\react-dom@18.3.1_react@18.3.1\node_modules\react-dom\cjs\react-dom.development.js:24905:3)
@omniscience/web:test:     at flushPassiveEffectsImpl (E:\The Omniscience Assistant Project\Each phase zip files\The_Omniscience_Platform_Phase0\omniscience-platform\node_modules\.pnpm\react-dom@18.3.1_react@18.3.1\node_modules\react-dom\cjs\react-dom.development.js:27078:3) [90mundefined[39m
@omniscience/web:test: ΓÜá∩╕Å React Router Future Flag Warning: React Router will begin wrapping state updates in `React.startTransition` in v7. You can use the `v7_startTransition` future flag to opt-in early. For more information, see https://reactrouter.com/v6/upgrading/future#v7_starttransition.
@omniscience/web:test: ΓÜá∩╕Å React Router Future Flag Warning: Relative route resolution within Splat routes is changing in v7. You can use the `v7_relativeSplatPath` future flag to opt-in early. For more information, see https://reactrouter.com/v6/upgrading/future#v7_relativesplatpath.
@omniscience/web:test: 
@omniscience/web:test: 
@omniscience/web:test: [2m Test Files [22m [1m[32m6 passed[39m[22m[90m (6)[39m
@omniscience/web:test: [2m      Tests [22m [1m[32m20 passed[39m[22m[90m (20)[39m
@omniscience/web:test: [2m   Start at [22m 10:00:43
@omniscience/web:test: [2m   Duration [22m 14.01s[2m (transform 5.94s, setup 0ms, collect 23.26s, tests 4.03s, environment 36.17s, prepare 5.53s)[22m
@omniscience/web:test: 
@omniscience/web:test: [90mstderr[2m | src/App.test.tsx[2m > [22m[2mApp routing[2m > [22m[2mrenders the login screen at /login
@omniscience/web:test: [22m[39mError: Not implemented: HTMLCanvasElement.prototype.getContext (without installing the canvas npm package)
@omniscience/web:test:     at module.exports (E:\The Omniscience Assistant Project\Each phase zip files\The_Omniscience_Platform_Phase0\omniscience-platform\node_modules\.pnpm\jsdom@25.0.1\node_modules\jsdom\lib\jsdom\browser\not-implemented.js:9:17)
@omniscience/web:test:     at HTMLCanvasElementImpl.getContext (E:\The Omniscience Assistant Project\Each phase zip files\The_Omniscience_Platform_Phase0\omniscience-platform\node_modules\.pnpm\jsdom@25.0.1\node_modules\jsdom\lib\jsdom\living\nodes\HTMLCanvasElement-impl.js:42:5)
@omniscience/web:test:     at HTMLCanvasElement.getContext (E:\The Omniscience Assistant Project\Each phase zip files\The_Omniscience_Platform_Phase0\omniscience-platform\node_modules\.pnpm\jsdom@25.0.1\node_modules\jsdom\lib\jsdom\living\generated\HTMLCanvasElement.js:131:58)
@omniscience/web:test:     at E:\The Omniscience Assistant Project\Each phase zip files\The_Omniscience_Platform_Phase0\omniscience-platform\packages\ui\src\background\AdaptiveBackground.tsx:53:24
@omniscience/web:test:     at commitHookEffectListMount (E:\The Omniscience Assistant Project\Each phase zip files\The_Omniscience_Platform_Phase0\omniscience-platform\node_modules\.pnpm\react-dom@18.3.1_react@18.3.1\node_modules\react-dom\cjs\react-dom.development.js:23189:26)
@omniscience/web:test:     at commitPassiveMountOnFiber (E:\The Omniscience Assistant Project\Each phase zip files\The_Omniscience_Platform_Phase0\omniscience-platform\node_modules\.pnpm\react-dom@18.3.1_react@18.3.1\node_modules\react-dom\cjs\react-dom.development.js:24970:11)
@omniscience/web:test:     at commitPassiveMountEffects_complete (E:\The Omniscience Assistant Project\Each phase zip files\The_Omniscience_Platform_Phase0\omniscience-platform\node_modules\.pnpm\react-dom@18.3.1_react@18.3.1\node_modules\react-dom\cjs\react-dom.development.js:24930:9)
@omniscience/web:test:     at commitPassiveMountEffects_begin (E:\The Omniscience Assistant Project\Each phase zip files\The_Omniscience_Platform_Phase0\omniscience-platform\node_modules\.pnpm\react-dom@18.3.1_react@18.3.1\node_modules\react-dom\cjs\react-dom.development.js:24917:7)
@omniscience/web:test:     at commitPassiveMountEffects (E:\The Omniscience Assistant Project\Each phase zip files\The_Omniscience_Platform_Phase0\omniscience-platform\node_modules\.pnpm\react-dom@18.3.1_react@18.3.1\node_modules\react-dom\cjs\react-dom.development.js:24905:3)
@omniscience/web:test:     at flushPassiveEffectsImpl (E:\The Omniscience Assistant Project\Each phase zip files\The_Omniscience_Platform_Phase0\omniscience-platform\node_modules\.pnpm\react-dom@18.3.1_react@18.3.1\node_modules\react-dom\cjs\react-dom.development.js:27078:3) [90mundefined[39m
@omniscience/web:test: 
@omniscience/web:test: [90mstderr[2m | src/App.test.tsx[2m > [22m[2mApp routing[2m > [22m[2mrenders the register screen at /register
@omniscience/web:test: [22m[39mError: Not implemented: HTMLCanvasElement.prototype.getContext (without installing the canvas npm package)
@omniscience/web:test:     at module.exports (E:\The Omniscience Assistant Project\Each phase zip files\The_Omniscience_Platform_Phase0\omniscience-platform\node_modules\.pnpm\jsdom@25.0.1\node_modules\jsdom\lib\jsdom\browser\not-implemented.js:9:17)
@omniscience/web:test:     at HTMLCanvasElementImpl.getContext (E:\The Omniscience Assistant Project\Each phase zip files\The_Omniscience_Platform_Phase0\omniscience-platform\node_modules\.pnpm\jsdom@25.0.1\node_modules\jsdom\lib\jsdom\living\nodes\HTMLCanvasElement-impl.js:42:5)
@omniscience/web:test:     at HTMLCanvasElement.getContext (E:\The Omniscience Assistant Project\Each phase zip files\The_Omniscience_Platform_Phase0\omniscience-platform\node_modules\.pnpm\jsdom@25.0.1\node_modules\jsdom\lib\jsdom\living\generated\HTMLCanvasElement.js:131:58)
@omniscience/web:test:     at E:\The Omniscience Assistant Project\Each phase zip files\The_Omniscience_Platform_Phase0\omniscience-platform\packages\ui\src\background\AdaptiveBackground.tsx:53:24
@omniscience/web:test:     at commitHookEffectListMount (E:\The Omniscience Assistant Project\Each phase zip files\The_Omniscience_Platform_Phase0\omniscience-platform\node_modules\.pnpm\react-dom@18.3.1_react@18.3.1\node_modules\react-dom\cjs\react-dom.development.js:23189:26)
@omniscience/web:test:     at commitPassiveMountOnFiber (E:\The Omniscience Assistant Project\Each phase zip files\The_Omniscience_Platform_Phase0\omniscience-platform\node_modules\.pnpm\react-dom@18.3.1_react@18.3.1\node_modules\react-dom\cjs\react-dom.development.js:24970:11)
@omniscience/web:test:     at commitPassiveMountEffects_complete (E:\The Omniscience Assistant Project\Each phase zip files\The_Omniscience_Platform_Phase0\omniscience-platform\node_modules\.pnpm\react-dom@18.3.1_react@18.3.1\node_modules\react-dom\cjs\react-dom.development.js:24930:9)
@omniscience/web:test:     at commitPassiveMountEffects_begin (E:\The Omniscience Assistant Project\Each phase zip files\The_Omniscience_Platform_Phase0\omniscience-platform\node_modules\.pnpm\react-dom@18.3.1_react@18.3.1\node_modules\react-dom\cjs\react-dom.development.js:24917:7)
@omniscience/web:test:     at commitPassiveMountEffects (E:\The Omniscience Assistant Project\Each phase zip files\The_Omniscience_Platform_Phase0\omniscience-platform\node_modules\.pnpm\react-dom@18.3.1_react@18.3.1\node_modules\react-dom\cjs\react-dom.development.js:24905:3)
@omniscience/web:test:     at flushPassiveEffectsImpl (E:\The Omniscience Assistant Project\Each phase zip files\The_Omniscience_Platform_Phase0\omniscience-platform\node_modules\.pnpm\react-dom@18.3.1_react@18.3.1\node_modules\react-dom\cjs\react-dom.development.js:27078:3) [90mundefined[39m
@omniscience/web:test: 
@omniscience/web:test: [90mstderr[2m | src/App.test.tsx[2m > [22m[2mApp routing[2m > [22m[2mrenders the OTP screen at /verify-otp
@omniscience/web:test: [22m[39mError: Not implemented: HTMLCanvasElement.prototype.getContext (without installing the canvas npm package)
@omniscience/web:test:     at module.exports (E:\The Omniscience Assistant Project\Each phase zip files\The_Omniscience_Platform_Phase0\omniscience-platform\node_modules\.pnpm\jsdom@25.0.1\node_modules\jsdom\lib\jsdom\browser\not-implemented.js:9:17)
@omniscience/web:test:     at HTMLCanvasElementImpl.getContext (E:\The Omniscience Assistant Project\Each phase zip files\The_Omniscience_Platform_Phase0\omniscience-platform\node_modules\.pnpm\jsdom@25.0.1\node_modules\jsdom\lib\jsdom\living\nodes\HTMLCanvasElement-impl.js:42:5)
@omniscience/web:test:     at HTMLCanvasElement.getContext (E:\The Omniscience Assistant Project\Each phase zip files\The_Omniscience_Platform_Phase0\omniscience-platform\node_modules\.pnpm\jsdom@25.0.1\node_modules\jsdom\lib\jsdom\living\generated\HTMLCanvasElement.js:131:58)
@omniscience/web:test:     at E:\The Omniscience Assistant Project\Each phase zip files\The_Omniscience_Platform_Phase0\omniscience-platform\packages\ui\src\background\AdaptiveBackground.tsx:53:24
@omniscience/web:test:     at commitHookEffectListMount (E:\The Omniscience Assistant Project\Each phase zip files\The_Omniscience_Platform_Phase0\omniscience-platform\node_modules\.pnpm\react-dom@18.3.1_react@18.3.1\node_modules\react-dom\cjs\react-dom.development.js:23189:26)
@omniscience/web:test:     at commitPassiveMountOnFiber (E:\The Omniscience Assistant Project\Each phase zip files\The_Omniscience_Platform_Phase0\omniscience-platform\node_modules\.pnpm\react-dom@18.3.1_react@18.3.1\node_modules\react-dom\cjs\react-dom.development.js:24970:11)
@omniscience/web:test:     at commitPassiveMountEffects_complete (E:\The Omniscience Assistant Project\Each phase zip files\The_Omniscience_Platform_Phase0\omniscience-platform\node_modules\.pnpm\react-dom@18.3.1_react@18.3.1\node_modules\react-dom\cjs\react-dom.development.js:24930:9)
@omniscience/web:test:     at commitPassiveMountEffects_begin (E:\The Omniscience Assistant Project\Each phase zip files\The_Omniscience_Platform_Phase0\omniscience-platform\node_modules\.pnpm\react-dom@18.3.1_react@18.3.1\node_modules\react-dom\cjs\react-dom.development.js:24917:7)
@omniscience/web:test:     at commitPassiveMountEffects (E:\The Omniscience Assistant Project\Each phase zip files\The_Omniscience_Platform_Phase0\omniscience-platform\node_modules\.pnpm\react-dom@18.3.1_react@18.3.1\node_modules\react-dom\cjs\react-dom.development.js:24905:3)
@omniscience/web:test:     at flushPassiveEffectsImpl (E:\The Omniscience Assistant Project\Each phase zip files\The_Omniscience_Platform_Phase0\omniscience-platform\node_modules\.pnpm\react-dom@18.3.1_react@18.3.1\node_modules\react-dom\cjs\react-dom.development.js:27078:3) [90mundefined[39m
@omniscience/web:test: 
@omniscience/web:test: [90mstderr[2m | src/App.test.tsx[2m > [22m[2mApp routing[2m > [22m[2mrenders the forgot-password screen
@omniscience/web:test: [22m[39mError: Not implemented: HTMLCanvasElement.prototype.getContext (without installing the canvas npm package)
@omniscience/web:test:     at module.exports (E:\The Omniscience Assistant Project\Each phase zip files\The_Omniscience_Platform_Phase0\omniscience-platform\node_modules\.pnpm\jsdom@25.0.1\node_modules\jsdom\lib\jsdom\browser\not-implemented.js:9:17)
@omniscience/web:test:     at HTMLCanvasElementImpl.getContext (E:\The Omniscience Assistant Project\Each phase zip files\The_Omniscience_Platform_Phase0\omniscience-platform\node_modules\.pnpm\jsdom@25.0.1\node_modules\jsdom\lib\jsdom\living\nodes\HTMLCanvasElement-impl.js:42:5)
@omniscience/web:test:     at HTMLCanvasElement.getContext (E:\The Omniscience Assistant Project\Each phase zip files\The_Omniscience_Platform_Phase0\omniscience-platform\node_modules\.pnpm\jsdom@25.0.1\node_modules\jsdom\lib\jsdom\living\generated\HTMLCanvasElement.js:131:58)
@omniscience/web:test:     at E:\The Omniscience Assistant Project\Each phase zip files\The_Omniscience_Platform_Phase0\omniscience-platform\packages\ui\src\background\AdaptiveBackground.tsx:53:24
@omniscience/web:test:     at commitHookEffectListMount (E:\The Omniscience Assistant Project\Each phase zip files\The_Omniscience_Platform_Phase0\omniscience-platform\node_modules\.pnpm\react-dom@18.3.1_react@18.3.1\node_modules\react-dom\cjs\react-dom.development.js:23189:26)
@omniscience/web:test:     at commitPassiveMountOnFiber (E:\The Omniscience Assistant Project\Each phase zip files\The_Omniscience_Platform_Phase0\omniscience-platform\node_modules\.pnpm\react-dom@18.3.1_react@18.3.1\node_modules\react-dom\cjs\react-dom.development.js:24970:11)
@omniscience/web:test:     at commitPassiveMountEffects_complete (E:\The Omniscience Assistant Project\Each phase zip files\The_Omniscience_Platform_Phase0\omniscience-platform\node_modules\.pnpm\react-dom@18.3.1_react@18.3.1\node_modules\react-dom\cjs\react-dom.development.js:24930:9)
@omniscience/web:test:     at commitPassiveMountEffects_begin (E:\The Omniscience Assistant Project\Each phase zip files\The_Omniscience_Platform_Phase0\omniscience-platform\node_modules\.pnpm\react-dom@18.3.1_react@18.3.1\node_modules\react-dom\cjs\react-dom.development.js:24917:7)
@omniscience/web:test:     at commitPassiveMountEffects (E:\The Omniscience Assistant Project\Each phase zip files\The_Omniscience_Platform_Phase0\omniscience-platform\node_modules\.pnpm\react-dom@18.3.1_react@18.3.1\node_modules\react-dom\cjs\react-dom.development.js:24905:3)
@omniscience/web:test:     at flushPassiveEffectsImpl (E:\The Omniscience Assistant Project\Each phase zip files\The_Omniscience_Platform_Phase0\omniscience-platform\node_modules\.pnpm\react-dom@18.3.1_react@18.3.1\node_modules\react-dom\cjs\react-dom.development.js:27078:3) [90mundefined[39m
@omniscience/web:test: 
@omniscience/web:test: [90mstderr[2m | src/App.test.tsx[2m > [22m[2mApp routing[2m > [22m[2mrenders the reset-password screen
@omniscience/web:test: [22m[39mError: Not implemented: HTMLCanvasElement.prototype.getContext (without installing the canvas npm package)
@omniscience/web:test:     at module.exports (E:\The Omniscience Assistant Project\Each phase zip files\The_Omniscience_Platform_Phase0\omniscience-platform\node_modules\.pnpm\jsdom@25.0.1\node_modules\jsdom\lib\jsdom\browser\not-implemented.js:9:17)
@omniscience/web:test:     at HTMLCanvasElementImpl.getContext (E:\The Omniscience Assistant Project\Each phase zip files\The_Omniscience_Platform_Phase0\omniscience-platform\node_modules\.pnpm\jsdom@25.0.1\node_modules\jsdom\lib\jsdom\living\nodes\HTMLCanvasElement-impl.js:42:5)
@omniscience/web:test:     at HTMLCanvasElement.getContext (E:\The Omniscience Assistant Project\Each phase zip files\The_Omniscience_Platform_Phase0\omniscience-platform\node_modules\.pnpm\jsdom@25.0.1\node_modules\jsdom\lib\jsdom\living\generated\HTMLCanvasElement.js:131:58)
@omniscience/web:test:     at E:\The Omniscience Assistant Project\Each phase zip files\The_Omniscience_Platform_Phase0\omniscience-platform\packages\ui\src\background\AdaptiveBackground.tsx:53:24
@omniscience/web:test:     at commitHookEffectListMount (E:\The Omniscience Assistant Project\Each phase zip files\The_Omniscience_Platform_Phase0\omniscience-platform\node_modules\.pnpm\react-dom@18.3.1_react@18.3.1\node_modules\react-dom\cjs\react-dom.development.js:23189:26)
@omniscience/web:test:     at commitPassiveMountOnFiber (E:\The Omniscience Assistant Project\Each phase zip files\The_Omniscience_Platform_Phase0\omniscience-platform\node_modules\.pnpm\react-dom@18.3.1_react@18.3.1\node_modules\react-dom\cjs\react-dom.development.js:24970:11)
@omniscience/web:test:     at commitPassiveMountEffects_complete (E:\The Omniscience Assistant Project\Each phase zip files\The_Omniscience_Platform_Phase0\omniscience-platform\node_modules\.pnpm\react-dom@18.3.1_react@18.3.1\node_modules\react-dom\cjs\react-dom.development.js:24930:9)
@omniscience/web:test:     at commitPassiveMountEffects_begin (E:\The Omniscience Assistant Project\Each phase zip files\The_Omniscience_Platform_Phase0\omniscience-platform\node_modules\.pnpm\react-dom@18.3.1_react@18.3.1\node_modules\react-dom\cjs\react-dom.development.js:24917:7)
@omniscience/web:test:     at commitPassiveMountEffects (E:\The Omniscience Assistant Project\Each phase zip files\The_Omniscience_Platform_Phase0\omniscience-platform\node_modules\.pnpm\react-dom@18.3.1_react@18.3.1\node_modules\react-dom\cjs\react-dom.development.js:24905:3)
@omniscience/web:test:     at flushPassiveEffectsImpl (E:\The Omniscience Assistant Project\Each phase zip files\The_Omniscience_Platform_Phase0\omniscience-platform\node_modules\.pnpm\react-dom@18.3.1_react@18.3.1\node_modules\react-dom\cjs\react-dom.development.js:27078:3) [90mundefined[39m
@omniscience/web:test: 

 Tasks:    14 successful, 14 total
Cached:    14 cached, 14 total
  Time:    163ms >>> FULL TURBO

